Archive member included to satisfy reference by file (symbol)

/Applications/STM32CubeIDE.app/Contents/Eclipse/plugins/com.st.stm32cube.ide.mcu.externaltools.gnu-tools-for-stm32.12.3.rel1.macos64_1.1.0.202410301201/tools/bin/../lib/gcc/arm-none-eabi/12.3.1/../../../../arm-none-eabi/lib/thumb/v7e-m+fp/hard/libc_nano.a(libc_a-exit.o)
                              /Applications/STM32CubeIDE.app/Contents/Eclipse/plugins/com.st.stm32cube.ide.mcu.externaltools.gnu-tools-for-stm32.12.3.rel1.macos64_1.1.0.202410301201/tools/bin/../lib/gcc/arm-none-eabi/12.3.1/../../../../arm-none-eabi/lib/thumb/v7e-m+fp/hard/crt0.o (exit)
/Applications/STM32CubeIDE.app/Contents/Eclipse/plugins/com.st.stm32cube.ide.mcu.externaltools.gnu-tools-for-stm32.12.3.rel1.macos64_1.1.0.202410301201/tools/bin/../lib/gcc/arm-none-eabi/12.3.1/../../../../arm-none-eabi/lib/thumb/v7e-m+fp/hard/libc_nano.a(libc_a-malloc.o)
                              ./Core/Src/ble.o (malloc)
/Applications/STM32CubeIDE.app/Contents/Eclipse/plugins/com.st.stm32cube.ide.mcu.externaltools.gnu-tools-for-stm32.12.3.rel1.macos64_1.1.0.202410301201/tools/bin/../lib/gcc/arm-none-eabi/12.3.1/../../../../arm-none-eabi/lib/thumb/v7e-m+fp/hard/libc_nano.a(libc_a-mallocr.o)
                              /Applications/STM32CubeIDE.app/Contents/Eclipse/plugins/com.st.stm32cube.ide.mcu.externaltools.gnu-tools-for-stm32.12.3.rel1.macos64_1.1.0.202410301201/tools/bin/../lib/gcc/arm-none-eabi/12.3.1/../../../../arm-none-eabi/lib/thumb/v7e-m+fp/hard/libc_nano.a(libc_a-malloc.o) (_malloc_r)
/Applications/STM32CubeIDE.app/Contents/Eclipse/plugins/com.st.stm32cube.ide.mcu.externaltools.gnu-tools-for-stm32.12.3.rel1.macos64_1.1.0.202410301201/tools/bin/../lib/gcc/arm-none-eabi/12.3.1/../../../../arm-none-eabi/lib/thumb/v7e-m+fp/hard/libc_nano.a(libc_a-snprintf.o)
                              ./Core/Src/main.o (snprintf)
/Applications/STM32CubeIDE.app/Contents/Eclipse/plugins/com.st.stm32cube.ide.mcu.externaltools.gnu-tools-for-stm32.12.3.rel1.macos64_1.1.0.202410301201/tools/bin/../lib/gcc/arm-none-eabi/12.3.1/../../../../arm-none-eabi/lib/thumb/v7e-m+fp/hard/libc_nano.a(libc_a-mlock.o)
                              /Applications/STM32CubeIDE.app/Contents/Eclipse/plugins/com.st.stm32cube.ide.mcu.externaltools.gnu-tools-for-stm32.12.3.rel1.macos64_1.1.0.202410301201/tools/bin/../lib/gcc/arm-none-eabi/12.3.1/../../../../arm-none-eabi/lib/thumb/v7e-m+fp/hard/libc_nano.a(libc_a-mallocr.o) (__malloc_lock)
/Applications/STM32CubeIDE.app/Contents/Eclipse/plugins/com.st.stm32cube.ide.mcu.externaltools.gnu-tools-for-stm32.12.3.rel1.macos64_1.1.0.202410301201/tools/bin/../lib/gcc/arm-none-eabi/12.3.1/../../../../arm-none-eabi/lib/thumb/v7e-m+fp/hard/libc_nano.a(libc_a-findfp.o)
                              /Applications/STM32CubeIDE.app/Contents/Eclipse/plugins/com.st.stm32cube.ide.mcu.externaltools.gnu-tools-for-stm32.12.3.rel1.macos64_1.1.0.202410301201/tools/bin/../lib/gcc/arm-none-eabi/12.3.1/../../../../arm-none-eabi/lib/thumb/v7e-m+fp/hard/libc_nano.a(libc_a-exit.o) (__stdio_exit_handler)
/Applications/STM32CubeIDE.app/Contents/Eclipse/plugins/com.st.stm32cube.ide.mcu.externaltools.gnu-tools-for-stm32.12.3.rel1.macos64_1.1.0.202410301201/tools/bin/../lib/gcc/arm-none-eabi/12.3.1/../../../../arm-none-eabi/lib/thumb/v7e-m+fp/hard/libc_nano.a(libc_a-fwalk.o)
                              /Applications/STM32CubeIDE.app/Contents/Eclipse/plugins/com.st.stm32cube.ide.mcu.externaltools.gnu-tools-for-stm32.12.3.rel1.macos64_1.1.0.202410301201/tools/bin/../lib/gcc/arm-none-eabi/12.3.1/../../../../arm-none-eabi/lib/thumb/v7e-m+fp/hard/libc_nano.a(libc_a-findfp.o) (_fwalk_sglue)
/Applications/STM32CubeIDE.app/Contents/Eclipse/plugins/com.st.stm32cube.ide.mcu.externaltools.gnu-tools-for-stm32.12.3.rel1.macos64_1.1.0.202410301201/tools/bin/../lib/gcc/arm-none-eabi/12.3.1/../../../../arm-none-eabi/lib/thumb/v7e-m+fp/hard/libc_nano.a(libc_a-memset.o)
                              /Applications/STM32CubeIDE.app/Contents/Eclipse/plugins/com.st.stm32cube.ide.mcu.externaltools.gnu-tools-for-stm32.12.3.rel1.macos64_1.1.0.202410301201/tools/bin/../lib/gcc/arm-none-eabi/12.3.1/../../../../arm-none-eabi/lib/thumb/v7e-m+fp/hard/crt0.o (memset)
/Applications/STM32CubeIDE.app/Contents/Eclipse/plugins/com.st.stm32cube.ide.mcu.externaltools.gnu-tools-for-stm32.12.3.rel1.macos64_1.1.0.202410301201/tools/bin/../lib/gcc/arm-none-eabi/12.3.1/../../../../arm-none-eabi/lib/thumb/v7e-m+fp/hard/libc_nano.a(libc_a-impure.o)
                              /Applications/STM32CubeIDE.app/Contents/Eclipse/plugins/com.st.stm32cube.ide.mcu.externaltools.gnu-tools-for-stm32.12.3.rel1.macos64_1.1.0.202410301201/tools/bin/../lib/gcc/arm-none-eabi/12.3.1/../../../../arm-none-eabi/lib/thumb/v7e-m+fp/hard/libc_nano.a(libc_a-malloc.o) (_impure_ptr)
[...]
Memory Configuration

Name             Origin             Length             Attributes
RAM              0x20000000         0x00018000         xrw
RAM2             0x10000000         0x00008000         xrw
FLASH            0x08000000         0x00100000         xr
*default*        0x00000000         0xffffffff

Linker script and memory map

LOAD /Applications/STM32CubeIDE.app/Contents/Eclipse/plugins/com.st.stm32cube.ide.mcu.externaltools.gnu-tools-for-stm32.12.3.rel1.macos64_1.1.0.202410301201/tools/bin/../lib/gcc/arm-none-eabi/12.3.1/thumb/v7e-m+fp/hard/crti.o
LOAD /Applications/STM32CubeIDE.app/Contents/Eclipse/plugins/com.st.stm32cube.ide.mcu.externaltools.gnu-tools-for-stm32.12.3.rel1.macos64_1.1.0.202410301201/tools/bin/../lib/gcc/arm-none-eabi/12.3.1/thumb/v7e-m+fp/hard/crtbegin.o
LOAD /Applications/STM32CubeIDE.app/Contents/Eclipse/plugins/com.st.stm32cube.ide.mcu.externaltools.gnu-tools-for-stm32.12.3.rel1.macos64_1.1.0.202410301201/tools/bin/../lib/gcc/arm-none-eabi/12.3.1/../../../../arm-none-eabi/lib/thumb/v7e-m+fp/hard/crt0.o
LOAD ./Core/Src/ble.o
LOAD ./Core/Src/i2c.o
LOAD ./Core/Src/lsm6dsl.o
LOAD ./Core/Src/main.o
LOAD ./Core/Src/stm32l4xx_hal_msp.o
LOAD ./Core/Src/stm32l4xx_it.o
LOAD ./Core/Src/syscalls.o
LOAD ./Core/Src/system_stm32l4xx.o
LOAD ./Core/Src/timer.o
LOAD ./Core/Startup/startup_stm32l475vgtx.o
LOAD ./Drivers/STM32L4xx_HAL_Driver/Src/stm32l4xx_hal.o
LOAD ./Drivers/STM32L4xx_HAL_Driver/Src/stm32l4xx_hal_cortex.o
LOAD ./Drivers/STM32L4xx_HAL_Driver/Src/stm32l4xx_hal_dma.o
LOAD ./Drivers/STM32L4xx_HAL_Driver/Src/stm32l4xx_hal_dma_ex.o
LOAD ./Drivers/STM32L4xx_HAL_Driver/Src/stm32l4xx_hal_exti.o
LOAD ./Drivers/STM32L4xx_HAL_Driver/Src/stm32l4xx_hal_flash.o
LOAD ./Drivers/STM32L4xx_HAL_Driver/Src/stm32l4xx_hal_flash_ex.o
LOAD ./Drivers/STM32L4xx_HAL_Driver/Src/stm32l4xx_hal_flash_ramfunc.o
LOAD ./Drivers/STM32L4xx_HAL_Driver/Src/stm32l4xx_hal_gpio.o
LOAD ./Drivers/STM32L4xx_HAL_Driver/Src/stm32l4xx_hal_i2c.o
LOAD ./Drivers/STM32L4xx_HAL_Driver/Src/stm32l4xx_hal_i2c_ex.o
LOAD ./Drivers/STM32L4xx_HAL_Driver/Src/stm32l4xx_hal_pwr.o
LOAD ./Drivers/STM32L4xx_HAL_Driver/Src/stm32l4xx_hal_pwr_ex.o
LOAD ./Drivers/STM32L4xx_HAL_Driver/Src/stm32l4xx_hal_rcc.o
LOAD ./Drivers/STM32L4xx_HAL_Driver/Src/stm32l4xx_hal_rcc_ex.o
LOAD ./Drivers/STM32L4xx_HAL_Driver/Src/stm32l4xx_hal_spi.o
LOAD ./Drivers/STM32L4xx_HAL_Driver/Src/stm32l4xx_hal_spi_ex.o
LOAD ./Drivers/STM32L4xx_HAL_Driver/Src/stm32l4xx_hal_tim.o
LOAD ./Drivers/STM32L4xx_HAL_Driver/Src/stm32l4xx_hal_tim_ex.o
START GROUP
LOAD /Applications/STM32CubeIDE.app/Contents/Eclipse/plugins/com.st.stm32cube.ide.mcu.externaltools.gnu-tools-for-stm32.12.3.rel1.macos64_1.1.0.202410301201/tools/bin/../lib/gcc/arm-none-eabi/12.3.1/../../../../arm-none-eabi/lib/thumb/v7e-m+fp/hard/libc_nano.a
LOAD /Applications/STM32CubeIDE.app/Contents/Eclipse/plugins/com.st.stm32cube.ide.mcu.externaltools.gnu-tools-for-stm32.12.3.rel1.macos64_1.1.0.202410301201/tools/bin/../lib/gcc/arm-none-eabi/12.3.1/../../../../arm-none-eabi/lib/thumb/v7e-m+fp/hard/libm.a
END GROUP
START GROUP
LOAD /Applications/STM32CubeIDE.app/Contents/Eclipse/plugins/com.st.stm32cube.ide.mcu.externaltools.gnu-tools-for-stm32.12.3.rel1.macos64_1.1.0.202410301201/tools/bin/../lib/gcc/arm-none-eabi/12.3.1/thumb/v7e-m+fp/hard/libgcc.a
LOAD /Applications/STM32CubeIDE.app/Contents/Eclipse/plugins/com.st.stm32cube.ide.mcu.externaltools.gnu-tools-for-stm32.12.3.rel1.macos64_1.1.0.202410301201/tools/bin/../lib/gcc/arm-none-eabi/12.3.1/../../../../arm-none-eabi/lib/thumb/v7e-m+fp/hard/libc_nano.a
END GROUP
START GROUP
LOAD /Applications/STM32CubeIDE.app/Contents/Eclipse/plugins/com.st.stm32cube.ide.mcu.externaltools.gnu-tools-for-stm32.12.3.rel1.macos64_1.1.0.202410301201/tools/bin/../lib/gcc/arm-none-eabi/12.3.1/thumb/v7e-m+fp/hard/libgcc.a
LOAD /Applications/STM32CubeIDE.app/Contents/Eclipse/plugins/com.st.stm32cube.ide.mcu.externaltools.gnu-tools-for-stm32.12.3.rel1.macos64_1.1.0.202410301201/tools/bin/../lib/gcc/arm-none-eabi/12.3.1/../../../../arm-none-eabi/lib/thumb/v7e-m+fp/hard/libc_nano.a
LOAD /Applications/STM32CubeIDE.app/Contents/Eclipse/plugins/com.st.stm32cube.ide.mcu.externaltools.gnu-tools-for-stm32.12.3.rel1.macos64_1.1.0.202410301201/tools/bin/../lib/gcc/arm-none-eabi/12.3.1/../../../../arm-none-eabi/lib/thumb/v7e-m+fp/hard/libnosys.a
END GROUP
START GROUP
LOAD /Applications/STM32CubeIDE.app/Contents/Eclipse/plugins/com.st.stm32cube.ide.mcu.externaltools.gnu-tools-for-stm32.12.3.rel1.macos64_1.1.0.202410301201/tools/bin/../lib/gcc/arm-none-eabi/12.3.1/thumb/v7e-m+fp/hard/libgcc.a
LOAD /Applications/STM32CubeIDE.app/Contents/Eclipse/plugins/com.st.stm32cube.ide.mcu.externaltools.gnu-tools-for-stm32.12.3.rel1.macos64_1.1.0.202410301201/tools/bin/../lib/gcc/arm-none-eabi/12.3.1/../../../../arm-none-eabi/lib/thumb/v7e-m+fp/hard/libc_nano.a
LOAD /Applications/STM32CubeIDE.app/Contents/Eclipse/plugins/com.st.stm32cube.ide.mcu.externaltools.gnu-tools-for-stm32.12.3.rel1.macos64_1.1.0.202410301201/tools/bin/../lib/gcc/arm-none-eabi/12.3.1/../../../../arm-none-eabi/lib/thumb/v7e-m+fp/hard/libnosys.a
END GROUP
LOAD /Applications/STM32CubeIDE.app/Contents/Eclipse/plugins/com.st.stm32cube.ide.mcu.externaltools.gnu-tools-for-stm32.12.3.rel1.macos64_1.1.0.202410301201/tools/bin/../lib/gcc/arm-none-eabi/12.3.1/thumb/v7e-m+fp/hard/crtend.o
LOAD /Applications/STM32CubeIDE.app/Contents/Eclipse/plugins/com.st.stm32cube.ide.mcu.externaltools.gnu-tools-for-stm32.12.3.rel1.macos64_1.1.0.202410301201/tools/bin/../lib/gcc/arm-none-eabi/12.3.1/thumb/v7e-m+fp/hard/crtn.o
                0x20018000                        _estack = (ORIGIN (RAM) + LENGTH (RAM))
                0x00000200                        _Min_Heap_Size = 0x200
                0x00000400                        _Min_Stack_Size = 0x400

.isr_vector     0x08000000      0x188
                0x08000000                        . = ALIGN (0x4)
 *(.isr_vector)
 .isr_vector    0x08000000      0x188 ./Core/Startup/startup_stm32l475vgtx.o
                0x08000000                g_pfnVectors
                0x08000188                        . = ALIGN (0x4)

.text           0x08000190     0x3bf4
                0x08000190                        . = ALIGN (0x4)
 *(.text)
 .text          0x08000190       0x40 /Applications/STM32CubeIDE.app/Contents/Eclipse/plugins/com.st.stm32cube.ide.mcu.externaltools.gnu-tools-for-stm32.12.3.rel1.macos64_1.1.0.202410301201/tools/bin/../lib/gcc/arm-none-eabi/12.3.1/thumb/v7e-m+fp/hard/crtbegin.o
 .text          0x080001d0       0x10 /Applications/STM32CubeIDE.app/Contents/Eclipse/plugins/com.st.stm32cube.ide.mcu.externaltools.gnu-tools-for-stm32.12.3.rel1.macos64_1.1.0.202410301201/tools/bin/../lib/gcc/arm-none-eabi/12.3.1/../../../../arm-none-eabi/lib/thumb/v7e-m+fp/hard/libc_nano.a(libc_a-strlen.o)
                0x080001d0                strlen
 .text          0x080001e0       0xa0 /Applications/STM32CubeIDE.app/Contents/Eclipse/plugins/com.st.stm32cube.ide.mcu.externaltools.gnu-tools-for-stm32.12.3.rel1.macos64_1.1.0.202410301201/tools/bin/../lib/gcc/arm-none-eabi/12.3.1/../../../../arm-none-eabi/lib/thumb/v7e-m+fp/hard/libc_nano.a(libc_a-memchr.o)
                0x080001e0                memchr
 *(.text*)
 .text.ble_init
                0x08000280      0x234 ./Core/Src/ble.o
                0x08000280                ble_init
 .text.fetchBleEvent
                0x080004b4      0x114 ./Core/Src/ble.o
                0x080004b4                fetchBleEvent
 .text.checkEventResp
                0x080005c8       0x4c ./Core/Src/ble.o
                0x080005c8                checkEventResp
 .text.sendCommand
                0x08000614       0x98 ./Core/Src/ble.o
                0x08000614                sendCommand
 .text.setConnectable
                0x080006ac      0x100 ./Core/Src/ble.o
                0x080006ac                setConnectable
 .text.BLE_command
                0x080007ac       0x98 ./Core/Src/ble.o
                0x080007ac                BLE_command
 .text.addService
                0x08000844       0x70 ./Core/Src/ble.o
                0x08000844                addService
 .text.addCharacteristic
                0x080008b4       0x84 ./Core/Src/ble.o
                0x080008b4                addCharacteristic
 .text.updateCharValue
                0x08000938       0xa8 ./Core/Src/ble.o
                0x08000938                updateCharValue
 .text.i2c_init
                0x080009e0      0x10c ./Core/Src/i2c.o
                0x080009e0                i2c_init
 .text.i2c_transaction
                0x08000aec      0x194 ./Core/Src/i2c.o
                0x08000aec                i2c_transaction
 .text.lsm6dsl_init
                0x08000c80       0x36 ./Core/Src/lsm6dsl.o
                0x08000c80                lsm6dsl_init
 .text.lsm6dsl_read_xyz
                0x08000cb6       0x6a ./Core/Src/lsm6dsl.o
                0x08000cb6                lsm6dsl_read_xyz
 .text.main     0x08000d20       0x4a ./Core/Src/main.o
                0x08000d20                main
 *fill*         0x08000d6a        0x2 
 .text.privtag_run
                0x08000d6c      0x170 ./Core/Src/main.o
                0x08000d6c                privtag_run
 .text.TIM2_IRQHandler
                0x08000edc       0x38 ./Core/Src/main.o
                0x08000edc                TIM2_IRQHandler
 .text.SystemClock_Config
                0x08000f14       0x8c ./Core/Src/main.o
                0x08000f14                SystemClock_Config
 .text.MX_SPI3_Init
                0x08000fa0       0x7c ./Core/Src/main.o
 .text.MX_GPIO_Init
                0x0800101c      0x130 ./Core/Src/main.o
 .text.Error_Handler
                0x0800114c        0xc ./Core/Src/main.o
                0x0800114c                Error_Handler
 .text.HAL_MspInit
                0x08001158       0x48 ./Core/Src/stm32l4xx_hal_msp.o
                0x08001158                HAL_MspInit
 .text.HAL_SPI_MspInit
                0x080011a0       0x88 ./Core/Src/stm32l4xx_hal_msp.o
                0x080011a0                HAL_SPI_MspInit
 .text.NMI_Handler
                0x08001228        0x8 ./Core/Src/stm32l4xx_it.o
                0x08001228                NMI_Handler
 .text.HardFault_Handler
                0x08001230        0x8 ./Core/Src/stm32l4xx_it.o
                0x08001230                HardFault_Handler
 .text.MemManage_Handler
                0x08001238        0x8 ./Core/Src/stm32l4xx_it.o
                0x08001238                MemManage_Handler
 .text.BusFault_Handler
                0x08001240        0x8 ./Core/Src/stm32l4xx_it.o
                0x08001240                BusFault_Handler
 .text.UsageFault_Handler
                0x08001248        0x8 ./Core/Src/stm32l4xx_it.o
                0x08001248                UsageFault_Handler
 .text.SVC_Handler
                0x08001250        0xe ./Core/Src/stm32l4xx_it.o
                0x08001250                SVC_Handler
 .text.DebugMon_Handler
                0x0800125e        0xe ./Core/Src/stm32l4xx_it.o
                0x0800125e                DebugMon_Handler
 .text.PendSV_Handler
                0x0800126c        0xe ./Core/Src/stm32l4xx_it.o
                0x0800126c                PendSV_Handler
 .text.SysTick_Handler
                0x0800127a        0xc ./Core/Src/stm32l4xx_it.o
                0x0800127a                SysTick_Handler
 *fill*         0x08001286        0x2 
 .text.EXTI9_5_IRQHandler
                0x08001288       0x18 ./Core/Src/stm32l4xx_it.o
                0x08001288                EXTI9_5_IRQHandler
 .text._sbrk    0x080012a0       0x58 ./Core/Src/syscalls.o
                0x080012a0                _sbrk
 .text.SystemInit
                0x080012f8       0x6c ./Core/Src/system_stm32l4xx.o
                0x080012f8                SystemInit
 .text.__NVIC_EnableIRQ
                0x08001364       0x3c ./Core/Src/timer.o
 .text.__NVIC_SetPriority
                0x080013a0       0x54 ./Core/Src/timer.o
 .text.timer_init
                0x080013f4       0x70 ./Core/Src/timer.o
                0x080013f4                timer_init
 .text.timer_set_ms
                0x08001464       0x46 ./Core/Src/timer.o
                0x08001464                timer_set_ms
 *fill*         0x080014aa        0x2 
 .text.Reset_Handler
                0x080014ac       0x50 ./Core/Startup/startup_stm32l475vgtx.o
                0x080014ac                Reset_Handler
 .text.Default_Handler
                0x080014fc        0x2 ./Core/Startup/startup_stm32l475vgtx.o
                0x080014fc                TIM1_BRK_TIM15_IRQHandler
                0x080014fc                EXTI2_IRQHandler
                0x080014fc                TIM8_TRG_COM_IRQHandler
                0x080014fc                TIM8_CC_IRQHandler
                0x080014fc                TIM1_CC_IRQHandler
                0x080014fc                TSC_IRQHandler
                0x080014fc                TAMP_STAMP_IRQHandler
                0x080014fc                EXTI3_IRQHandler
                0x080014fc                LPTIM2_IRQHandler
                0x080014fc                DFSDM1_FLT1_IRQHandler
                0x080014fc                I2C3_ER_IRQHandler
                0x080014fc                DFSDM1_FLT2_IRQHandler
                0x080014fc                EXTI0_IRQHandler
                0x080014fc                I2C2_EV_IRQHandler
                0x080014fc                CAN1_RX0_IRQHandler
                0x080014fc                FPU_IRQHandler
                0x080014fc                TIM1_UP_TIM16_IRQHandler
                0x080014fc                ADC1_2_IRQHandler
                0x080014fc                SPI1_IRQHandler
                0x080014fc                TIM6_DAC_IRQHandler
                0x080014fc                TIM8_UP_IRQHandler
                0x080014fc                DMA2_Channel2_IRQHandler
                0x080014fc                DMA1_Channel4_IRQHandler
                0x080014fc                SAI2_IRQHandler
                0x080014fc                DFSDM1_FLT3_IRQHandler
                0x080014fc                USART3_IRQHandler
                0x080014fc                DMA1_Channel7_IRQHandler
                0x080014fc                CAN1_RX1_IRQHandler
                0x080014fc                UART5_IRQHandler
                0x080014fc                ADC3_IRQHandler
                0x080014fc                TIM4_IRQHandler
                0x080014fc                DMA2_Channel1_IRQHandler
                0x080014fc                QUADSPI_IRQHandler
                0x080014fc                I2C1_EV_IRQHandler
                0x080014fc                DMA1_Channel6_IRQHandler
                0x080014fc                UART4_IRQHandler
                0x080014fc                DMA2_Channel4_IRQHandler
                0x080014fc                TIM3_IRQHandler
                0x080014fc                RCC_IRQHandler
                0x080014fc                DMA1_Channel1_IRQHandler
                0x080014fc                Default_Handler
                0x080014fc                DMA2_Channel7_IRQHandler
                0x080014fc                EXTI15_10_IRQHandler
                0x080014fc                TIM7_IRQHandler
                0x080014fc                SDMMC1_IRQHandler
                0x080014fc                TIM5_IRQHandler
                0x080014fc                I2C3_EV_IRQHandler
                0x080014fc                RTC_WKUP_IRQHandler
                0x080014fc                PVD_PVM_IRQHandler
                0x080014fc                SPI2_IRQHandler
                0x080014fc                CAN1_TX_IRQHandler
                0x080014fc                DMA2_Channel5_IRQHandler
                0x080014fc                DMA1_Channel5_IRQHandler
                0x080014fc                EXTI4_IRQHandler
                0x080014fc                RNG_IRQHandler
                0x080014fc                TIM1_TRG_COM_TIM17_IRQHandler
                0x080014fc                DMA1_Channel3_IRQHandler
                0x080014fc                COMP_IRQHandler
                0x080014fc                WWDG_IRQHandler
                0x080014fc                LPUART1_IRQHandler
                0x080014fc                DMA2_Channel6_IRQHandler
                0x080014fc                EXTI1_IRQHandler
                0x080014fc                USART2_IRQHandler
                0x080014fc                DFSDM1_FLT0_IRQHandler
                0x080014fc                I2C2_ER_IRQHandler
                0x080014fc                DMA1_Channel2_IRQHandler
                0x080014fc                TIM8_BRK_IRQHandler
                0x080014fc                CAN1_SCE_IRQHandler
                0x080014fc                FLASH_IRQHandler
                0x080014fc                USART1_IRQHandler
                0x080014fc                OTG_FS_IRQHandler
                0x080014fc                SPI3_IRQHandler
                0x080014fc                I2C1_ER_IRQHandler
                0x080014fc                FMC_IRQHandler
                0x080014fc                SWPMI1_IRQHandler
                0x080014fc                LPTIM1_IRQHandler
                0x080014fc                SAI1_IRQHandler
                0x080014fc                DMA2_Channel3_IRQHandler
                0x080014fc                RTC_Alarm_IRQHandler
 .text.HAL_Init
                0x080014fe       0x30 ./Drivers/STM32L4xx_HAL_Driver/Src/stm32l4xx_hal.o
                0x080014fe                HAL_Init
 *fill*         0x0800152e        0x2 
 .text.HAL_InitTick
                0x08001530       0x78 ./Drivers/STM32L4xx_HAL_Driver/Src/stm32l4xx_hal.o
                0x08001530                HAL_InitTick
 .text.HAL_IncTick
                0x080015a8       0x28 ./Drivers/STM32L4xx_HAL_Driver/Src/stm32l4xx_hal.o
                0x080015a8                HAL_IncTick
 .text.HAL_GetTick
                0x080015d0       0x18 ./Drivers/STM32L4xx_HAL_Driver/Src/stm32l4xx_hal.o
                0x080015d0                HAL_GetTick
 .text.HAL_Delay
                0x080015e8       0x48 ./Drivers/STM32L4xx_HAL_Driver/Src/stm32l4xx_hal.o
                0x080015e8                HAL_Delay
 .text.__NVIC_SetPriorityGrouping
                0x08001630       0x48 ./Drivers/STM32L4xx_HAL_Driver/Src/stm32l4xx_hal_cortex.o
 .text.__NVIC_GetPriorityGrouping
                0x08001678       0x1c ./Drivers/STM32L4xx_HAL_Driver/Src/stm32l4xx_hal_cortex.o
 .text.__NVIC_EnableIRQ
                0x08001694       0x3c ./Drivers/STM32L4xx_HAL_Driver/Src/stm32l4xx_hal_cortex.o
 .text.__NVIC_SetPriority
                0x080016d0       0x54 ./Drivers/STM32L4xx_HAL_Driver/Src/stm32l4xx_hal_cortex.o
 .text.NVIC_EncodePriority
                0x08001724       0x66 ./Drivers/STM32L4xx_HAL_Driver/Src/stm32l4xx_hal_cortex.o
 *fill*         0x0800178a        0x2 
 .text.SysTick_Config
                0x0800178c       0x44 ./Drivers/STM32L4xx_HAL_Driver/Src/stm32l4xx_hal_cortex.o
 .text.HAL_NVIC_SetPriorityGrouping
                0x080017d0       0x16 ./Drivers/STM32L4xx_HAL_Driver/Src/stm32l4xx_hal_cortex.o
                0x080017d0                HAL_NVIC_SetPriorityGrouping
 .text.HAL_NVIC_SetPriority
                0x080017e6       0x38 ./Drivers/STM32L4xx_HAL_Driver/Src/stm32l4xx_hal_cortex.o
                0x080017e6                HAL_NVIC_SetPriority
 .text.HAL_NVIC_EnableIRQ
                0x0800181e       0x1c ./Drivers/STM32L4xx_HAL_Driver/Src/stm32l4xx_hal_cortex.o
                0x0800181e                HAL_NVIC_EnableIRQ
 .text.HAL_SYSTICK_Config
                0x0800183a       0x18 ./Drivers/STM32L4xx_HAL_Driver/Src/stm32l4xx_hal_cortex.o
                0x0800183a                HAL_SYSTICK_Config
 *fill*         0x08001852        0x2 
 .text.HAL_GPIO_Init
                0x08001854      0x354 ./Drivers/STM32L4xx_HAL_Driver/Src/stm32l4xx_hal_gpio.o
                0x08001854                HAL_GPIO_Init
 .text.HAL_GPIO_ReadPin
                0x08001ba8       0x30 ./Drivers/STM32L4xx_HAL_Driver/Src/stm32l4xx_hal_gpio.o
                0x08001ba8                HAL_GPIO_ReadPin
 .text.HAL_GPIO_WritePin
                0x08001bd8       0x30 ./Drivers/STM32L4xx_HAL_Driver/Src/stm32l4xx_hal_gpio.o
                0x08001bd8                HAL_GPIO_WritePin
 .text.HAL_GPIO_EXTI_IRQHandler
                0x08001c08       0x30 ./Drivers/STM32L4xx_HAL_Driver/Src/stm32l4xx_hal_gpio.o
                0x08001c08                HAL_GPIO_EXTI_IRQHandler
 .text.HAL_GPIO_EXTI_Callback
                0x08001c38       0x16 ./Drivers/STM32L4xx_HAL_Driver/Src/stm32l4xx_hal_gpio.o
                0x08001c38                HAL_GPIO_EXTI_Callback
 *fill*         0x08001c4e        0x2 
 .text.HAL_PWREx_GetVoltageRange
                0x08001c50       0x1c ./Drivers/STM32L4xx_HAL_Driver/Src/stm32l4xx_hal_pwr_ex.o
                0x08001c50                HAL_PWREx_GetVoltageRange
 .text.HAL_PWREx_ControlVoltageScaling
                0x08001c6c       0xac ./Drivers/STM32L4xx_HAL_Driver/Src/stm32l4xx_hal_pwr_ex.o
                0x08001c6c                HAL_PWREx_ControlVoltageScaling
 .text.HAL_RCC_OscConfig
                0x08001d18      0x7b8 ./Drivers/STM32L4xx_HAL_Driver/Src/stm32l4xx_hal_rcc.o
                0x08001d18                HAL_RCC_OscConfig
 .text.HAL_RCC_ClockConfig
                0x080024d0      0x200 ./Drivers/STM32L4xx_HAL_Driver/Src/stm32l4xx_hal_rcc.o
                0x080024d0                HAL_RCC_ClockConfig
 .text.HAL_RCC_GetSysClockFreq
                0x080026d0      0x118 ./Drivers/STM32L4xx_HAL_Driver/Src/stm32l4xx_hal_rcc.o
                0x080026d0                HAL_RCC_GetSysClockFreq
 .text.RCC_SetFlashLatencyFromMSIRange
                0x080027e8       0xc0 ./Drivers/STM32L4xx_HAL_Driver/Src/stm32l4xx_hal_rcc.o
 .text.HAL_SPI_Init
                0x080028a8      0x146 ./Drivers/STM32L4xx_HAL_Driver/Src/stm32l4xx_hal_spi.o
                0x080028a8                HAL_SPI_Init
 .text.HAL_SPI_Transmit
                0x080029ee      0x2ea ./Drivers/STM32L4xx_HAL_Driver/Src/stm32l4xx_hal_spi.o
                0x080029ee                HAL_SPI_Transmit
 .text.HAL_SPI_TransmitReceive
                0x08002cd8      0x444 ./Drivers/STM32L4xx_HAL_Driver/Src/stm32l4xx_hal_spi.o
                0x08002cd8                HAL_SPI_TransmitReceive
 .text.SPI_WaitFlagStateUntilTimeout
                0x0800311c      0x110 ./Drivers/STM32L4xx_HAL_Driver/Src/stm32l4xx_hal_spi.o
 .text.SPI_WaitFifoStateUntilTimeout
                0x0800322c      0x12c ./Drivers/STM32L4xx_HAL_Driver/Src/stm32l4xx_hal_spi.o
 .text.SPI_EndRxTxTransaction
                0x08003358       0x8c ./Drivers/STM32L4xx_HAL_Driver/Src/stm32l4xx_hal_spi.o
 .text.malloc   0x080033e4       0x10 /Applications/STM32CubeIDE.app/Contents/Eclipse/plugins/com.st.stm32cube.ide.mcu.externaltools.gnu-tools-for-stm32.12.3.rel1.macos64_1.1.0.202410301201/tools/bin/../lib/gcc/arm-none-eabi/12.3.1/../../../../arm-none-eabi/lib/thumb/v7e-m+fp/hard/libc_nano.a(libc_a-malloc.o)
                0x080033e4                malloc
 .text.free     0x080033f4       0x10 /Applications/STM32CubeIDE.app/Contents/Eclipse/plugins/com.st.stm32cube.ide.mcu.externaltools.gnu-tools-for-stm32.12.3.rel1.macos64_1.1.0.202410301201/tools/bin/../lib/gcc/arm-none-eabi/12.3.1/../../../../arm-none-eabi/lib/thumb/v7e-m+fp/hard/libc_nano.a(libc_a-malloc.o)
                0x080033f4                free
 .text.sbrk_aligned
                0x08003404       0x44 /Applications/STM32CubeIDE.app/Contents/Eclipse/plugins/com.st.stm32cube.ide.mcu.externaltools.gnu-tools-for-stm32.12.3.rel1.macos64_1.1.0.202410301201/tools/bin/../lib/gcc/arm-none-eabi/12.3.1/../../../../arm-none-eabi/lib/thumb/v7e-m+fp/hard/libc_nano.a(libc_a-mallocr.o)
 .text._malloc_r
                0x08003448      0x100 /Applications/STM32CubeIDE.app/Contents/Eclipse/plugins/com.st.stm32cube.ide.mcu.externaltools.gnu-tools-for-stm32.12.3.rel1.macos64_1.1.0.202410301201/tools/bin/../lib/gcc/arm-none-eabi/12.3.1/../../../../arm-none-eabi/lib/thumb/v7e-m+fp/hard/libc_nano.a(libc_a-mallocr.o)
                0x08003448                _malloc_r
 .text.snprintf
                0x08003548       0x68 /Applications/STM32CubeIDE.app/Contents/Eclipse/plugins/com.st.stm32cube.ide.mcu.externaltools.gnu-tools-for-stm32.12.3.rel1.macos64_1.1.0.202410301201/tools/bin/../lib/gcc/arm-none-eabi/12.3.1/../../../../arm-none-eabi/lib/thumb/v7e-m+fp/hard/libc_nano.a(libc_a-snprintf.o)
                0x08003548                snprintf
                0x08003548                sniprintf
 .text.__malloc_lock
                0x080035b0        0xc /Applications/STM32CubeIDE.app/Contents/Eclipse/plugins/com.st.stm32cube.ide.mcu.externaltools.gnu-tools-for-stm32.12.3.rel1.macos64_1.1.0.202410301201/tools/bin/../lib/gcc/arm-none-eabi/12.3.1/../../../../arm-none-eabi/lib/thumb/v7e-m+fp/hard/libc_nano.a(libc_a-mlock.o)
                0x080035b0                __malloc_lock
 .text.__malloc_unlock
                0x080035bc        0xc /Applications/STM32CubeIDE.app/Contents/Eclipse/plugins/com.st.stm32cube.ide.mcu.externaltools.gnu-tools-for-stm32.12.3.rel1.macos64_1.1.0.202410301201/tools/bin/../lib/gcc/arm-none-eabi/12.3.1/../../../../arm-none-eabi/lib/thumb/v7e-m+fp/hard/libc_nano.a(libc_a-mlock.o)
                0x080035bc                __malloc_unlock
 .text.memset   0x080035c8       0x10 /Applications/STM32CubeIDE.app/Contents/Eclipse/plugins/com.st.stm32cube.ide.mcu.externaltools.gnu-tools-for-stm32.12.3.rel1.macos64_1.1.0.202410301201/tools/bin/../lib/gcc/arm-none-eabi/12.3.1/../../../../arm-none-eabi/lib/thumb/v7e-m+fp/hard/libc_nano.a(libc_a-memset.o)
                0x080035c8                memset
 .text._sbrk_r  0x080035d8       0x20 /Applications/STM32CubeIDE.app/Contents/Eclipse/plugins/com.st.stm32cube.ide.mcu.externaltools.gnu-tools-for-stm32.12.3.rel1.macos64_1.1.0.202410301201/tools/bin/../lib/gcc/arm-none-eabi/12.3.1/../../../../arm-none-eabi/lib/thumb/v7e-m+fp/hard/libc_nano.a(libc_a-sbrkr.o)
                0x080035d8                _sbrk_r
 .text.__errno  0x080035f8        0xc /Applications/STM32CubeIDE.app/Contents/Eclipse/plugins/com.st.stm32cube.ide.mcu.externaltools.gnu-tools-for-stm32.12.3.rel1.macos64_1.1.0.202410301201/tools/bin/../lib/gcc/arm-none-eabi/12.3.1/../../../../arm-none-eabi/lib/thumb/v7e-m+fp/hard/libc_nano.a(libc_a-errno.o)
                0x080035f8                __errno
 .text.__libc_init_array
                0x08003604       0x48 /Applications/STM32CubeIDE.app/Contents/Eclipse/plugins/com.st.stm32cube.ide.mcu.externaltools.gnu-tools-for-stm32.12.3.rel1.macos64_1.1.0.202410301201/tools/bin/../lib/gcc/arm-none-eabi/12.3.1/../../../../arm-none-eabi/lib/thumb/v7e-m+fp/hard/libc_nano.a(libc_a-init.o)
                0x08003604                __libc_init_array
 .text.__retarget_lock_acquire_recursive
                0x0800364c        0x2 /Applications/STM32CubeIDE.app/Contents/Eclipse/plugins/com.st.stm32cube.ide.mcu.externaltools.gnu-tools-for-stm32.12.3.rel1.macos64_1.1.0.202410301201/tools/bin/../lib/gcc/arm-none-eabi/12.3.1/../../../../arm-none-eabi/lib/thumb/v7e-m+fp/hard/libc_nano.a(libc_a-lock.o)
                0x0800364c                __retarget_lock_acquire_recursive
 .text.__retarget_lock_release_recursive
                0x0800364e        0x2 /Applications/STM32CubeIDE.app/Contents/Eclipse/plugins/com.st.stm32cube.ide.mcu.externaltools.gnu-tools-for-stm32.12.3.rel1.macos64_1.1.0.202410301201/tools/bin/../lib/gcc/arm-none-eabi/12.3.1/../../../../arm-none-eabi/lib/thumb/v7e-m+fp/hard/libc_nano.a(libc_a-lock.o)
                0x0800364e                __retarget_lock_release_recursive
 .text.memcpy   0x08003650       0x1c /Applications/STM32CubeIDE.app/Contents/Eclipse/plugins/com.st.stm32cube.ide.mcu.externaltools.gnu-tools-for-stm32.12.3.rel1.macos64_1.1.0.202410301201/tools/bin/../lib/gcc/arm-none-eabi/12.3.1/../../../../arm-none-eabi/lib/thumb/v7e-m+fp/hard/libc_nano.a(libc_a-memcpy-stub.o)
                0x08003650                memcpy
 .text._free_r  0x0800366c       0x94 /Applications/STM32CubeIDE.app/Contents/Eclipse/plugins/com.st.stm32cube.ide.mcu.externaltools.gnu-tools-for-stm32.12.3.rel1.macos64_1.1.0.202410301201/tools/bin/../lib/gcc/arm-none-eabi/12.3.1/../../../../arm-none-eabi/lib/thumb/v7e-m+fp/hard/libc_nano.a(libc_a-freer.o)
                0x0800366c                _free_r
 .text.__ssputs_r
                0x08003700       0xb6 /Applications/STM32CubeIDE.app/Contents/Eclipse/plugins/com.st.stm32cube.ide.mcu.externaltools.gnu-tools-for-stm32.12.3.rel1.macos64_1.1.0.202410301201/tools/bin/../lib/gcc/arm-none-eabi/12.3.1/../../../../arm-none-eabi/lib/thumb/v7e-m+fp/hard/libc_nano.a(libc_a-nano-svfprintf.o)
                0x08003700                __ssputs_r
 *fill*         0x080037b6        0x2 
 .text._svfprintf_r
                0x080037b8      0x1f8 /Applications/STM32CubeIDE.app/Contents/Eclipse/plugins/com.st.stm32cube.ide.mcu.externaltools.gnu-tools-for-stm32.12.3.rel1.macos64_1.1.0.202410301201/tools/bin/../lib/gcc/arm-none-eabi/12.3.1/../../../../arm-none-eabi/lib/thumb/v7e-m+fp/hard/libc_nano.a(libc_a-nano-svfprintf.o)
                0x080037b8                _svfprintf_r
                0x080037b8                _svfiprintf_r
 .text._printf_common
                0x080039b0       0xda /Applications/STM32CubeIDE.app/Contents/Eclipse/plugins/com.st.stm32cube.ide.mcu.externaltools.gnu-tools-for-stm32.12.3.rel1.macos64_1.1.0.202410301201/tools/bin/../lib/gcc/arm-none-eabi/12.3.1/../../../../arm-none-eabi/lib/thumb/v7e-m+fp/hard/libc_nano.a(libc_a-nano-vfprintf_i.o)
                0x080039b0                _printf_common
 *fill*         0x08003a8a        0x2 
 .text._printf_i
                0x08003a8c      0x240 /Applications/STM32CubeIDE.app/Contents/Eclipse/plugins/com.st.stm32cube.ide.mcu.externaltools.gnu-tools-for-stm32.12.3.rel1.macos64_1.1.0.202410301201/tools/bin/../lib/gcc/arm-none-eabi/12.3.1/../../../../arm-none-eabi/lib/thumb/v7e-m+fp/hard/libc_nano.a(libc_a-nano-vfprintf_i.o)
                0x08003a8c                _printf_i
 .text._realloc_r
                0x08003ccc       0x5c /Applications/STM32CubeIDE.app/Contents/Eclipse/plugins/com.st.stm32cube.ide.mcu.externaltools.gnu-tools-for-stm32.12.3.rel1.macos64_1.1.0.202410301201/tools/bin/../lib/gcc/arm-none-eabi/12.3.1/../../../../arm-none-eabi/lib/thumb/v7e-m+fp/hard/libc_nano.a(libc_a-reallocr.o)
                0x08003ccc                _realloc_r
 .text.memmove  0x08003d28       0x34 /Applications/STM32CubeIDE.app/Contents/Eclipse/plugins/com.st.stm32cube.ide.mcu.externaltools.gnu-tools-for-stm32.12.3.rel1.macos64_1.1.0.202410301201/tools/bin/../lib/gcc/arm-none-eabi/12.3.1/../../../../arm-none-eabi/lib/thumb/v7e-m+fp/hard/libc_nano.a(libc_a-memmove.o)
                0x08003d28                memmove
 .text._malloc_usable_size_r
                0x08003d5c       0x10 /Applications/STM32CubeIDE.app/Contents/Eclipse/plugins/com.st.stm32cube.ide.mcu.externaltools.gnu-tools-for-stm32.12.3.rel1.macos64_1.1.0.202410301201/tools/bin/../lib/gcc/arm-none-eabi/12.3.1/../../../../arm-none-eabi/lib/thumb/v7e-m+fp/hard/libc_nano.a(libc_a-msizer.o)
                0x08003d5c                _malloc_usable_size_r
 *(.glue_7)
 .glue_7        0x08003d6c        0x0 linker stubs
 *(.glue_7t)
 .glue_7t       0x08003d6c        0x0 linker stubs
 *(.eh_frame)
 .eh_frame      0x08003d6c        0x0 /Applications/STM32CubeIDE.app/Contents/Eclipse/plugins/com.st.stm32cube.ide.mcu.externaltools.gnu-tools-for-stm32.12.3.rel1.macos64_1.1.0.202410301201/tools/bin/../lib/gcc/arm-none-eabi/12.3.1/thumb/v7e-m+fp/hard/crtbegin.o
 *(.init)
 .init          0x08003d6c        0x4 /Applications/STM32CubeIDE.app/Contents/Eclipse/plugins/com.st.stm32cube.ide.mcu.externaltools.gnu-tools-for-stm32.12.3.rel1.macos64_1.1.0.202410301201/tools/bin/../lib/gcc/arm-none-eabi/12.3.1/thumb/v7e-m+fp/hard/crti.o
                0x08003d6c                _init
 .init          0x08003d70        0x8 /Applications/STM32CubeIDE.app/Contents/Eclipse/plugins/com.st.stm32cube.ide.mcu.externaltools.gnu-tools-for-stm32.12.3.rel1.macos64_1.1.0.202410301201/tools/bin/../lib/gcc/arm-none-eabi/12.3.1/thumb/v7e-m+fp/hard/crtn.o
 *(.fini)
 .fini          0x08003d78        0x4 /Applications/STM32CubeIDE.app/Contents/Eclipse/plugins/com.st.stm32cube.ide.mcu.externaltools.gnu-tools-for-stm32.12.3.rel1.macos64_1.1.0.202410301201/tools/bin/../lib/gcc/arm-none-eabi/12.3.1/thumb/v7e-m+fp/hard/crti.o
                0x08003d78                _fini
 .fini          0x08003d7c        0x8 /Applications/STM32CubeIDE.app/Contents/Eclipse/plugins/com.st.stm32cube.ide.mcu.externaltools.gnu-tools-for-stm32.12.3.rel1.macos64_1.1.0.202410301201/tools/bin/../lib/gcc/arm-none-eabi/12.3.1/thumb/v7e-m+fp/hard/crtn.o
                0x08003d84                        . = ALIGN (0x4)
                0x08003d84                        _etext = .

.vfp11_veneer   0x08003d84        0x0
 .vfp11_veneer  0x08003d84        0x0 linker stubs

.v4_bx          0x08003d84        0x0
 .v4_bx         0x08003d84        0x0 linker stubs

.iplt           0x08003d84        0x0
 .iplt          0x08003d84        0x0 /Applications/STM32CubeIDE.app/Contents/Eclipse/plugins/com.st.stm32cube.ide.mcu.externaltools.gnu-tools-for-stm32.12.3.rel1.macos64_1.1.0.202410301201/tools/bin/../lib/gcc/arm-none-eabi/12.3.1/thumb/v7e-m+fp/hard/crtbegin.o

.rodata         0x08003d84       0x8c
                0x08003d84                        . = ALIGN (0x4)
 *(.rodata)
 .rodata        0x08003d84        0xd ./Core/Src/ble.o
 *fill*         0x08003d91        0x3 
 .rodata        0x08003d94        0x6 ./Core/Src/main.o
 *(.rodata*)
 *fill*         0x08003d9a        0x2 
 .rodata.AHBPrescTable
                0x08003d9c       0x10 ./Core/Src/system_stm32l4xx.o
                0x08003d9c                AHBPrescTable
 .rodata.MSIRangeTable
                0x08003dac       0x30 ./Core/Src/system_stm32l4xx.o
                0x08003dac                MSIRangeTable
 .rodata._svfprintf_r.str1.1
                0x08003ddc       0x11 /Applications/STM32CubeIDE.app/Contents/Eclipse/plugins/com.st.stm32cube.ide.mcu.externaltools.gnu-tools-for-stm32.12.3.rel1.macos64_1.1.0.202410301201/tools/bin/../lib/gcc/arm-none-eabi/12.3.1/../../../../arm-none-eabi/lib/thumb/v7e-m+fp/hard/libc_nano.a(libc_a-nano-svfprintf.o)
 .rodata._printf_i.str1.1
                0x08003ded       0x22 /Applications/STM32CubeIDE.app/Contents/Eclipse/plugins/com.st.stm32cube.ide.mcu.externaltools.gnu-tools-for-stm32.12.3.rel1.macos64_1.1.0.202410301201/tools/bin/../lib/gcc/arm-none-eabi/12.3.1/../../../../arm-none-eabi/lib/thumb/v7e-m+fp/hard/libc_nano.a(libc_a-nano-vfprintf_i.o)
                0x08003e10                        . = ALIGN (0x4)
 *fill*         0x08003e0f        0x1 

.ARM.extab      0x08003e10        0x0
                0x08003e10                        . = ALIGN (0x4)
 *(.ARM.extab* .gnu.linkonce.armextab.*)
                0x08003e10                        . = ALIGN (0x4)

.ARM            0x08003e10        0x8
                0x08003e10                        . = ALIGN (0x4)
                0x08003e10                        __exidx_start = .
 *(.ARM.exidx*)
 .ARM.exidx     0x08003e10        0x8 /Applications/STM32CubeIDE.app/Contents/Eclipse/plugins/com.st.stm32cube.ide.mcu.externaltools.gnu-tools-for-stm32.12.3.rel1.macos64_1.1.0.202410301201/tools/bin/../lib/gcc/arm-none-eabi/12.3.1/../../../../arm-none-eabi/lib/thumb/v7e-m+fp/hard/libc_nano.a(libc_a-strlen.o)
 .ARM.exidx     0x08003e18        0x0 /Applications/STM32CubeIDE.app/Contents/Eclipse/plugins/com.st.stm32cube.ide.mcu.externaltools.gnu-tools-for-stm32.12.3.rel1.macos64_1.1.0.202410301201/tools/bin/../lib/gcc/arm-none-eabi/12.3.1/../../../../arm-none-eabi/lib/thumb/v7e-m+fp/hard/libc_nano.a(libc_a-memchr.o)
                                  0x8 (size before relaxing)
                0x08003e18                        __exidx_end = .
                0x08003e18                        . = ALIGN (0x4)

.rel.dyn        0x08003e18        0x0
 .rel.iplt      0x08003e18        0x0 /Applications/STM32CubeIDE.app/Contents/Eclipse/plugins/com.st.stm32cube.ide.mcu.externaltools.gnu-tools-for-stm32.12.3.rel1.macos64_1.1.0.202410301201/tools/bin/../lib/gcc/arm-none-eabi/12.3.1/thumb/v7e-m+fp/hard/crtbegin.o

.preinit_array  0x08003e18        0x0
                0x08003e18                        . = ALIGN (0x4)
                0x08003e18                        PROVIDE (__preinit_array_start = .)
 *(.preinit_array*)
                0x08003e18                        PROVIDE (__preinit_array_end = .)
                0x08003e18                        . = ALIGN (0x4)

.init_array     0x08003e18        0x4
                0x08003e18                        . = ALIGN (0x4)
                0x08003e18                        PROVIDE (__init_array_start = .)
 *(SORT_BY_NAME(.init_array.*))
 *(.init_array*)
 .init_array    0x08003e18        0x4 /Applications/STM32CubeIDE.app/Contents/Eclipse/plugins/com.st.stm32cube.ide.mcu.externaltools.gnu-tools-for-stm32.12.3.rel1.macos64_1.1.0.202410301201/tools/bin/../lib/gcc/arm-none-eabi/12.3.1/thumb/v7e-m+fp/hard/crtbegin.o
                0x08003e1c                        PROVIDE (__init_array_end = .)
                0x08003e1c                        . = ALIGN (0x4)

.fini_array     0x08003e1c        0x4
                0x08003e1c                        . = ALIGN (0x4)
                [!provide]                        PROVIDE (__fini_array_start = .)
 *(SORT_BY_NAME(.fini_array.*))
 *(.fini_array*)
 .fini_array    0x08003e1c        0x4 /Applications/STM32CubeIDE.app/Contents/Eclipse/plugins/com.st.stm32cube.ide.mcu.externaltools.gnu-tools-for-stm32.12.3.rel1.macos64_1.1.0.202410301201/tools/bin/../lib/gcc/arm-none-eabi/12.3.1/thumb/v7e-m+fp/hard/crtbegin.o
                [!provide]                        PROVIDE (__fini_array_end = .)
                0x08003e20                        . = ALIGN (0x4)
                0x08003e20                        _sidata = LOADADDR (.data)

.data           0x20000000      0x184 load address 0x08003e20
                0x20000000                        . = ALIGN (0x4)
                0x20000000                        _sdata = .
 *(.data)
 *(.data*)
 .data.EVENT_STATUP_DATA
                0x20000000        0x6 ./Core/Src/ble.o
                0x20000000                EVENT_STATUP_DATA
 *fill*         0x20000006        0x2 
 .data.ACI_GATT_INIT
                0x20000008        0x4 ./Core/Src/ble.o
                0x20000008                ACI_GATT_INIT
 .data.ACI_GATT_INIT_COMPLETE
                0x2000000c        0x7 ./Core/Src/ble.o
                0x2000000c                ACI_GATT_INIT_COMPLETE
 *fill*         0x20000013        0x1 
 .data.ACI_GAP_INIT
                0x20000014        0x7 ./Core/Src/ble.o
                0x20000014                ACI_GAP_INIT
 *fill*         0x2000001b        0x1 
 .data.ACI_GAP_INIT_COMPLETE
                0x2000001c        0x7 ./Core/Src/ble.o
                0x2000001c                ACI_GAP_INIT_COMPLETE
 *fill*         0x20000023        0x1 
 .data.ACI_GAP_SET_AUTH
                0x20000024       0x10 ./Core/Src/ble.o
                0x20000024                ACI_GAP_SET_AUTH
 .data.ACI_GAP_SET_AUTH_RESP
                0x20000034        0x7 ./Core/Src/ble.o
                0x20000034                ACI_GAP_SET_AUTH_RESP
 *fill*         0x2000003b        0x1 
 .data.ACI_HAL_SET_TX_POWER_LEVEL
                0x2000003c        0x6 ./Core/Src/ble.o
                0x2000003c                ACI_HAL_SET_TX_POWER_LEVEL
 *fill*         0x20000042        0x2 
 .data.ACI_HAL_SET_TX_POWER_LEVEL_COMPLETE
                0x20000044        0x7 ./Core/Src/ble.o
                0x20000044                ACI_HAL_SET_TX_POWER_LEVEL_COMPLETE
 *fill*         0x2000004b        0x1 
 .data.HCI_LE_SET_SCAN_RESPONSE_DATA
                0x2000004c       0x24 ./Core/Src/ble.o
                0x2000004c                HCI_LE_SET_SCAN_RESPONSE_DATA
 .data.HCI_LE_SET_SCAN_RESPONSE_DATA_COMPLETE
                0x20000070        0x7 ./Core/Src/ble.o
                0x20000070                HCI_LE_SET_SCAN_RESPONSE_DATA_COMPLETE
 *fill*         0x20000077        0x1 
 .data.ACI_GAP_SET_DISCOVERABLE
                0x20000078        0xd ./Core/Src/ble.o
                0x20000078                ACI_GAP_SET_DISCOVERABLE
 *fill*         0x20000085        0x3 
 .data.ACI_GAP_SET_DISCOVERABLE_COMPLETE
                0x20000088        0x7 ./Core/Src/ble.o
                0x20000088                ACI_GAP_SET_DISCOVERABLE_COMPLETE
 *fill*         0x2000008f        0x1 
 .data.ADD_PRIMARY_SERVICE
                0x20000090       0x17 ./Core/Src/ble.o
                0x20000090                ADD_PRIMARY_SERVICE
 *fill*         0x200000a7        0x1 
 .data.ADD_PRIMARY_SERVICE_COMPLETE
                0x200000a8        0x7 ./Core/Src/ble.o
                0x200000a8                ADD_PRIMARY_SERVICE_COMPLETE
 *fill*         0x200000af        0x1 
 .data.ADD_CUSTOM_CHAR
                0x200000b0       0x1e ./Core/Src/ble.o
                0x200000b0                ADD_CUSTOM_CHAR
 *fill*         0x200000ce        0x2 
 .data.ADD_CUSTOM_CHAR_COMPLETE
                0x200000d0        0x7 ./Core/Src/ble.o
                0x200000d0                ADD_CUSTOM_CHAR_COMPLETE
 *fill*         0x200000d7        0x1 
 .data.UPDATE_CHAR
                0x200000d8        0xf ./Core/Src/ble.o
                0x200000d8                UPDATE_CHAR
 *fill*         0x200000e7        0x1 
 .data.deviceName
                0x200000e8        0x7 ./Core/Src/ble.o
                0x200000e8                deviceName
 *fill*         0x200000ef        0x1 
 .data.UUID_NORDIC_UART_SERVICE
                0x200000f0       0x10 ./Core/Src/ble.o
                0x200000f0                UUID_NORDIC_UART_SERVICE
 .data.UUID_CHAR_WRITE
                0x20000100       0x10 ./Core/Src/ble.o
                0x20000100                UUID_CHAR_WRITE
 .data.UUID_CHAR_READ
                0x20000110       0x10 ./Core/Src/ble.o
                0x20000110                UUID_CHAR_READ
 .data.device_name
                0x20000120        0x8 ./Core/Src/main.o
                0x20000120                device_name
 .data.SystemCoreClock
                0x20000128        0x4 ./Core/Src/system_stm32l4xx.o
                0x20000128                SystemCoreClock
 .data.uwTickPrio
                0x2000012c        0x4 ./Drivers/STM32L4xx_HAL_Driver/Src/stm32l4xx_hal.o
                0x2000012c                uwTickPrio
 .data.uwTickFreq
                0x20000130        0x1 ./Drivers/STM32L4xx_HAL_Driver/Src/stm32l4xx_hal.o
                0x20000130                uwTickFreq
 *fill*         0x20000131        0x3 
 .data._impure_ptr
                0x20000134        0x4 /Applications/STM32CubeIDE.app/Contents/Eclipse/plugins/com.st.stm32cube.ide.mcu.externaltools.gnu-tools-for-stm32.12.3.rel1.macos64_1.1.0.202410301201/tools/bin/../lib/gcc/arm-none-eabi/12.3.1/../../../../arm-none-eabi/lib/thumb/v7e-m+fp/hard/libc_nano.a(libc_a-impure.o)
                0x20000134                _impure_ptr
 .data._impure_data
                0x20000138       0x4c /Applications/STM32CubeIDE.app/Contents/Eclipse/plugins/com.st.stm32cube.ide.mcu.externaltools.gnu-tools-for-stm32.12.3.rel1.macos64_1.1.0.202410301201/tools/bin/../lib/gcc/arm-none-eabi/12.3.1/../../../../arm-none-eabi/lib/thumb/v7e-m+fp/hard/libc_nano.a(libc_a-impure.o)
                0x20000138                _impure_data
 *(.RamFunc)
 *(.RamFunc*)
                0x20000184                        . = ALIGN (0x4)
                0x20000184                        _edata = .

.igot.plt       0x20000184        0x0 load address 0x08003fa4
 .igot.plt      0x20000184        0x0 /Applications/STM32CubeIDE.app/Contents/Eclipse/plugins/com.st.stm32cube.ide.mcu.externaltools.gnu-tools-for-stm32.12.3.rel1.macos64_1.1.0.202410301201/tools/bin/../lib/gcc/arm-none-eabi/12.3.1/thumb/v7e-m+fp/hard/crtbegin.o
                0x20000184                        . = ALIGN (0x4)

.bss            0x20000184      0x1f8 load address 0x08003fa4
                0x20000184                        _sbss = .
                0x20000184                        __bss_start__ = _sbss
 *(.bss)
 .bss           0x20000184       0x1c /Applications/STM32CubeIDE.app/Contents/Eclipse/plugins/com.st.stm32cube.ide.mcu.externaltools.gnu-tools-for-stm32.12.3.rel1.macos64_1.1.0.202410301201/tools/bin/../lib/gcc/arm-none-eabi/12.3.1/thumb/v7e-m+fp/hard/crtbegin.o
 *(.bss*)
 .bss.GAP_SERVICE_HANDLE
                0x200001a0        0x2 ./Core/Src/ble.o
                0x200001a0                GAP_SERVICE_HANDLE
 *fill*         0x200001a2        0x2 
 .bss.GAP_CHAR_NAME_HANDLE
                0x200001a4        0x2 ./Core/Src/ble.o
                0x200001a4                GAP_CHAR_NAME_HANDLE
 *fill*         0x200001a6        0x2 
 .bss.GAP_CHAR_APP_HANDLE
                0x200001a8        0x2 ./Core/Src/ble.o
                0x200001a8                GAP_CHAR_APP_HANDLE
 *fill*         0x200001aa        0x2 
 .bss.NORDIC_UART_SERVICE_HANDLE
                0x200001ac        0x2 ./Core/Src/ble.o
                0x200001ac                NORDIC_UART_SERVICE_HANDLE
 *fill*         0x200001ae        0x2 
 .bss.WRITE_CHAR_HANDLE
                0x200001b0        0x2 ./Core/Src/ble.o
                0x200001b0                WRITE_CHAR_HANDLE
 *fill*         0x200001b2        0x2 
 .bss.READ_CHAR_HANDLE
                0x200001b4        0x2 ./Core/Src/ble.o
                0x200001b4                READ_CHAR_HANDLE
 .bss.stackInitCompleteFlag
                0x200001b6        0x2 ./Core/Src/ble.o
                0x200001b6                stackInitCompleteFlag
 .bss.rxEvent   0x200001b8        0x4 ./Core/Src/ble.o
                0x200001b8                rxEvent
 .bss.timer_flag
                0x200001bc        0x1 ./Core/Src/main.o
                0x200001bc                timer_flag
 .bss.is_lost   0x200001bd        0x1 ./Core/Src/main.o
                0x200001bd                is_lost
 *fill*         0x200001be        0x2 
 .bss.time_still
                0x200001c0        0x4 ./Core/Src/main.o
                0x200001c0                time_still
 .bss.dataAvailable
                0x200001c4        0x4 ./Core/Src/main.o
                0x200001c4                dataAvailable
 .bss.hspi3     0x200001c8       0x64 ./Core/Src/main.o
                0x200001c8                hspi3
 .bss.heap_end.0
                0x2000022c        0x4 ./Core/Src/syscalls.o
 .bss.uwTick    0x20000230        0x4 ./Drivers/STM32L4xx_HAL_Driver/Src/stm32l4xx_hal.o
                0x20000230                uwTick
 .bss.__malloc_sbrk_start
                0x20000234        0x4 /Applications/STM32CubeIDE.app/Contents/Eclipse/plugins/com.st.stm32cube.ide.mcu.externaltools.gnu-tools-for-stm32.12.3.rel1.macos64_1.1.0.202410301201/tools/bin/../lib/gcc/arm-none-eabi/12.3.1/../../../../arm-none-eabi/lib/thumb/v7e-m+fp/hard/libc_nano.a(libc_a-mallocr.o)
                0x20000234                __malloc_sbrk_start
 .bss.__malloc_free_list
                0x20000238        0x4 /Applications/STM32CubeIDE.app/Contents/Eclipse/plugins/com.st.stm32cube.ide.mcu.externaltools.gnu-tools-for-stm32.12.3.rel1.macos64_1.1.0.202410301201/tools/bin/../lib/gcc/arm-none-eabi/12.3.1/../../../../arm-none-eabi/lib/thumb/v7e-m+fp/hard/libc_nano.a(libc_a-mallocr.o)
                0x20000238                __malloc_free_list
 .bss.__sf      0x2000023c      0x138 /Applications/STM32CubeIDE.app/Contents/Eclipse/plugins/com.st.stm32cube.ide.mcu.externaltools.gnu-tools-for-stm32.12.3.rel1.macos64_1.1.0.202410301201/tools/bin/../lib/gcc/arm-none-eabi/12.3.1/../../../../arm-none-eabi/lib/thumb/v7e-m+fp/hard/libc_nano.a(libc_a-findfp.o)
                0x2000023c                __sf
 .bss.__lock___malloc_recursive_mutex
                0x20000374        0x1 /Applications/STM32CubeIDE.app/Contents/Eclipse/plugins/com.st.stm32cube.ide.mcu.externaltools.gnu-tools-for-stm32.12.3.rel1.macos64_1.1.0.202410301201/tools/bin/../lib/gcc/arm-none-eabi/12.3.1/../../../../arm-none-eabi/lib/thumb/v7e-m+fp/hard/libc_nano.a(libc_a-lock.o)
                0x20000374                __lock___malloc_recursive_mutex
 *fill*         0x20000375        0x3 
 .bss.errno     0x20000378        0x4 /Applications/STM32CubeIDE.app/Contents/Eclipse/plugins/com.st.stm32cube.ide.mcu.externaltools.gnu-tools-for-stm32.12.3.rel1.macos64_1.1.0.202410301201/tools/bin/../lib/gcc/arm-none-eabi/12.3.1/../../../../arm-none-eabi/lib/thumb/v7e-m+fp/hard/libc_nano.a(libc_a-reent.o)
                0x20000378                errno
 *(COMMON)
                0x2000037c                        . = ALIGN (0x4)
                0x2000037c                        _ebss = .
                0x2000037c                        __bss_end__ = _ebss

._user_heap_stack
                0x2000037c      0x604 load address 0x08003fa4
                0x20000380                        . = ALIGN (0x8)
 *fill*         0x2000037c        0x4 
                0x20000380                        PROVIDE (end = .)
                [!provide]                        PROVIDE (_end = .)
                0x20000580                        . = (. + _Min_Heap_Size)
 *fill*         0x20000380      0x200 
                0x20000980                        . = (. + _Min_Stack_Size)
 *fill*         0x20000580      0x400 
                0x20000980                        . = ALIGN (0x8)

/DISCARD/
 libc.a(*)
 libm.a(*)
 libgcc.a(*)

.ARM.attributes
                0x00000000       0x30
 *(.ARM.attributes)
 .ARM.attributes
                0x00000000       0x22 /Applications/STM32CubeIDE.app/Contents/Eclipse/plugins/com.st.stm32cube.ide.mcu.externaltools.gnu-tools-for-stm32.12.3.rel1.macos64_1.1.0.202410301201/tools/bin/../lib/gcc/arm-none-eabi/12.3.1/thumb/v7e-m+fp/hard/crti.o
 .ARM.attributes
                0x00000022       0x34 /Applications/STM32CubeIDE.app/Contents/Eclipse/plugins/com.st.stm32cube.ide.mcu.externaltools.gnu-tools-for-stm32.12.3.rel1.macos64_1.1.0.202410301201/tools/bin/../lib/gcc/arm-none-eabi/12.3.1/thumb/v7e-m+fp/hard/crtbegin.o
 .ARM.attributes
                0x00000056       0x34 ./Core/Src/ble.o
 .ARM.attributes
                0x0000008a       0x34 ./Core/Src/i2c.o
 .ARM.attributes
                0x000000be       0x34 ./Core/Src/lsm6dsl.o
 .ARM.attributes
                0x000000f2       0x34 ./Core/Src/main.o
 .ARM.attributes
                0x00000126       0x34 ./Core/Src/stm32l4xx_hal_msp.o
 .ARM.attributes
                0x0000015a       0x34 ./Core/Src/stm32l4xx_it.o
 .ARM.attributes
                0x0000018e       0x34 ./Core/Src/syscalls.o
 .ARM.attributes
                0x000001c2       0x34 ./Core/Src/system_stm32l4xx.o
 .ARM.attributes
                0x000001f6       0x34 ./Core/Src/timer.o
 .ARM.attributes
                0x0000022a       0x21 ./Core/Startup/startup_stm32l475vgtx.o
 .ARM.attributes
                0x0000024b       0x34 ./Drivers/STM32L4xx_HAL_Driver/Src/stm32l4xx_hal.o
 .ARM.attributes
                0x0000027f       0x34 ./Drivers/STM32L4xx_HAL_Driver/Src/stm32l4xx_hal_cortex.o
 .ARM.attributes
                0x000002b3       0x34 ./Drivers/STM32L4xx_HAL_Driver/Src/stm32l4xx_hal_gpio.o
 .ARM.attributes
                0x000002e7       0x34 ./Drivers/STM32L4xx_HAL_Driver/Src/stm32l4xx_hal_pwr_ex.o
 .ARM.attributes
                0x0000031b       0x34 ./Drivers/STM32L4xx_HAL_Driver/Src/stm32l4xx_hal_rcc.o
 .ARM.attributes
                0x0000034f       0x34 ./Drivers/STM32L4xx_HAL_Driver/Src/stm32l4xx_hal_spi.o
 .ARM.attributes
                0x00000383       0x34 /Applications/STM32CubeIDE.app/Contents/Eclipse/plugins/com.st.stm32cube.ide.mcu.externaltools.gnu-tools-for-stm32.12.3.rel1.macos64_1.1.0.202410301201/tools/bin/../lib/gcc/arm-none-eabi/12.3.1/../../../../arm-none-eabi/lib/thumb/v7e-m+fp/hard/libc_nano.a(libc_a-malloc.o)
 .ARM.attributes
                0x000003b7       0x34 /Applications/STM32CubeIDE.app/Contents/Eclipse/plugins/com.st.stm32cube.ide.mcu.externaltools.gnu-tools-for-stm32.12.3.rel1.macos64_1.1.0.202410301201/tools/bin/../lib/gcc/arm-none-eabi/12.3.1/../../../../arm-none-eabi/lib/thumb/v7e-m+fp/hard/libc_nano.a(libc_a-mallocr.o)
 .ARM.attributes
                0x000003eb       0x34 /Applications/STM32CubeIDE.app/Contents/Eclipse/plugins/com.st.stm32cube.ide.mcu.externaltools.gnu-tools-for-stm32.12.3.rel1.macos64_1.1.0.202410301201/tools/bin/../lib/gcc/arm-none-eabi/12.3.1/../../../../arm-none-eabi/lib/thumb/v7e-m+fp/hard/libc_nano.a(libc_a-snprintf.o)
 .ARM.attributes
                0x0000041f       0x34 /Applications/STM32CubeIDE.app/Contents/Eclipse/plugins/com.st.stm32cube.ide.mcu.externaltools.gnu-tools-for-stm32.12.3.rel1.macos64_1.1.0.202410301201/tools/bin/../lib/gcc/arm-none-eabi/12.3.1/../../../../arm-none-eabi/lib/thumb/v7e-m+fp/hard/libc_nano.a(libc_a-mlock.o)
 .ARM.attributes
                0x00000453       0x34 /Applications/STM32CubeIDE.app/Contents/Eclipse/plugins/com.st.stm32cube.ide.mcu.externaltools.gnu-tools-for-stm32.12.3.rel1.macos64_1.1.0.202410301201/tools/bin/../lib/gcc/arm-none-eabi/12.3.1/../../../../arm-none-eabi/lib/thumb/v7e-m+fp/hard/libc_nano.a(libc_a-findfp.o)
 .ARM.attributes
                0x00000487       0x34 /Applications/STM32CubeIDE.app/Contents/Eclipse/plugins/com.st.stm32cube.ide.mcu.externaltools.gnu-tools-for-stm32.12.3.rel1.macos64_1.1.0.202410301201/tools/bin/../lib/gcc/arm-none-eabi/12.3.1/../../../../arm-none-eabi/lib/thumb/v7e-m+fp/hard/libc_nano.a(libc_a-memset.o)
 .ARM.attributes
                0x000004bb       0x34 /Applications/STM32CubeIDE.app/Contents/Eclipse/plugins/com.st.stm32cube.ide.mcu.externaltools.gnu-tools-for-stm32.12.3.rel1.macos64_1.1.0.202410301201/tools/bin/../lib/gcc/arm-none-eabi/12.3.1/../../../../arm-none-eabi/lib/thumb/v7e-m+fp/hard/libc_nano.a(libc_a-impure.o)
 .ARM.attributes
                0x000004ef       0x34 /Applications/STM32CubeIDE.app/Contents/Eclipse/plugins/com.st.stm32cube.ide.mcu.externaltools.gnu-tools-for-stm32.12.3.rel1.macos64_1.1.0.202410301201/tools/bin/../lib/gcc/arm-none-eabi/12.3.1/../../../../arm-none-eabi/lib/thumb/v7e-m+fp/hard/libc_nano.a(libc_a-sbrkr.o)
 .ARM.attributes
                0x00000523       0x34 /Applications/STM32CubeIDE.app/Contents/Eclipse/plugins/com.st.stm32cube.ide.mcu.externaltools.gnu-tools-for-stm32.12.3.rel1.macos64_1.1.0.202410301201/tools/bin/../lib/gcc/arm-none-eabi/12.3.1/../../../../arm-none-eabi/lib/thumb/v7e-m+fp/hard/libc_nano.a(libc_a-errno.o)
 .ARM.attributes
                0x00000557       0x34 /Applications/STM32CubeIDE.app/Contents/Eclipse/plugins/com.st.stm32cube.ide.mcu.externaltools.gnu-tools-for-stm32.12.3.rel1.macos64_1.1.0.202410301201/tools/bin/../lib/gcc/arm-none-eabi/12.3.1/../../../../arm-none-eabi/lib/thumb/v7e-m+fp/hard/libc_nano.a(libc_a-init.o)
 .ARM.attributes
                0x0000058b       0x34 /Applications/STM32CubeIDE.app/Contents/Eclipse/plugins/com.st.stm32cube.ide.mcu.externaltools.gnu-tools-for-stm32.12.3.rel1.macos64_1.1.0.202410301201/tools/bin/../lib/gcc/arm-none-eabi/12.3.1/../../../../arm-none-eabi/lib/thumb/v7e-m+fp/hard/libc_nano.a(libc_a-lock.o)
 .ARM.attributes
                0x000005bf       0x34 /Applications/STM32CubeIDE.app/Contents/Eclipse/plugins/com.st.stm32cube.ide.mcu.externaltools.gnu-tools-for-stm32.12.3.rel1.macos64_1.1.0.202410301201/tools/bin/../lib/gcc/arm-none-eabi/12.3.1/../../../../arm-none-eabi/lib/thumb/v7e-m+fp/hard/libc_nano.a(libc_a-memcpy-stub.o)
 .ARM.attributes
                0x000005f3       0x17 /Applications/STM32CubeIDE.app/Contents/Eclipse/plugins/com.st.stm32cube.ide.mcu.externaltools.gnu-tools-for-stm32.12.3.rel1.macos64_1.1.0.202410301201/tools/bin/../lib/gcc/arm-none-eabi/12.3.1/../../../../arm-none-eabi/lib/thumb/v7e-m+fp/hard/libc_nano.a(libc_a-strlen.o)
 .ARM.attributes
                0x0000060a       0x34 /Applications/STM32CubeIDE.app/Contents/Eclipse/plugins/com.st.stm32cube.ide.mcu.externaltools.gnu-tools-for-stm32.12.3.rel1.macos64_1.1.0.202410301201/tools/bin/../lib/gcc/arm-none-eabi/12.3.1/../../../../arm-none-eabi/lib/thumb/v7e-m+fp/hard/libc_nano.a(libc_a-freer.o)
 .ARM.attributes
                0x0000063e       0x34 /Applications/STM32CubeIDE.app/Contents/Eclipse/plugins/com.st.stm32cube.ide.mcu.externaltools.gnu-tools-for-stm32.12.3.rel1.macos64_1.1.0.202410301201/tools/bin/../lib/gcc/arm-none-eabi/12.3.1/../../../../arm-none-eabi/lib/thumb/v7e-m+fp/hard/libc_nano.a(libc_a-nano-svfprintf.o)
 .ARM.attributes
                0x00000672       0x34 /Applications/STM32CubeIDE.app/Contents/Eclipse/plugins/com.st.stm32cube.ide.mcu.externaltools.gnu-tools-for-stm32.12.3.rel1.macos64_1.1.0.202410301201/tools/bin/../lib/gcc/arm-none-eabi/12.3.1/../../../../arm-none-eabi/lib/thumb/v7e-m+fp/hard/libc_nano.a(libc_a-nano-vfprintf_i.o)
 .ARM.attributes
                0x000006a6       0x34 /Applications/STM32CubeIDE.app/Contents/Eclipse/plugins/com.st.stm32cube.ide.mcu.externaltools.gnu-tools-for-stm32.12.3.rel1.macos64_1.1.0.202410301201/tools/bin/../lib/gcc/arm-none-eabi/12.3.1/../../../../arm-none-eabi/lib/thumb/v7e-m+fp/hard/libc_nano.a(libc_a-reallocr.o)
 .ARM.attributes
                0x000006da       0x34 /Applications/STM32CubeIDE.app/Contents/Eclipse/plugins/com.st.stm32cube.ide.mcu.externaltools.gnu-tools-for-stm32.12.3.rel1.macos64_1.1.0.202410301201/tools/bin/../lib/gcc/arm-none-eabi/12.3.1/../../../../arm-none-eabi/lib/thumb/v7e-m+fp/hard/libc_nano.a(libc_a-memmove.o)
 .ARM.attributes
                0x0000070e       0x34 /Applications/STM32CubeIDE.app/Contents/Eclipse/plugins/com.st.stm32cube.ide.mcu.externaltools.gnu-tools-for-stm32.12.3.rel1.macos64_1.1.0.202410301201/tools/bin/../lib/gcc/arm-none-eabi/12.3.1/../../../../arm-none-eabi/lib/thumb/v7e-m+fp/hard/libc_nano.a(libc_a-reent.o)
 .ARM.attributes
                0x00000742       0x1c /Applications/STM32CubeIDE.app/Contents/Eclipse/plugins/com.st.stm32cube.ide.mcu.externaltools.gnu-tools-for-stm32.12.3.rel1.macos64_1.1.0.202410301201/tools/bin/../lib/gcc/arm-none-eabi/12.3.1/../../../../arm-none-eabi/lib/thumb/v7e-m+fp/hard/libc_nano.a(libc_a-memchr.o)
 .ARM.attributes
                0x0000075e       0x34 /Applications/STM32CubeIDE.app/Contents/Eclipse/plugins/com.st.stm32cube.ide.mcu.externaltools.gnu-tools-for-stm32.12.3.rel1.macos64_1.1.0.202410301201/tools/bin/../lib/gcc/arm-none-eabi/12.3.1/../../../../arm-none-eabi/lib/thumb/v7e-m+fp/hard/libc_nano.a(libc_a-msizer.o)
 .ARM.attributes
                0x00000792       0x22 /Applications/STM32CubeIDE.app/Contents/Eclipse/plugins/com.st.stm32cube.ide.mcu.externaltools.gnu-tools-for-stm32.12.3.rel1.macos64_1.1.0.202410301201/tools/bin/../lib/gcc/arm-none-eabi/12.3.1/thumb/v7e-m+fp/hard/crtn.o
OUTPUT(youlostit-ble.elf elf32-littlearm)
LOAD linker stubs
LOAD /Applications/STM32CubeIDE.app/Contents/Eclipse/plugins/com.st.stm32cube.ide.mcu.externaltools.gnu-tools-for-stm32.12.3.rel1.macos64_1.1.0.202410301201/tools/bin/../lib/gcc/arm-none-eabi/12.3.1/../../../../arm-none-eabi/lib/thumb/v7e-m+fp/hard/libc.a
LOAD /Applications/STM32CubeIDE.app/Contents/Eclipse/plugins/com.st.stm32cube.ide.mcu.externaltools.gnu-tools-for-stm32.12.3.rel1.macos64_1.1.0.202410301201/tools/bin/../lib/gcc/arm-none-eabi/12.3.1/../../../../arm-none-eabi/lib/thumb/v7e-m+fp/hard/libm.a
LOAD /Applications/STM32CubeIDE.app/Contents/Eclipse/plugins/com.st.stm32cube.ide.mcu.externaltools.gnu-tools-for-stm32.12.3.rel1.macos64_1.1.0.202410301201/tools/bin/../lib/gcc/arm-none-eabi/12.3.1/thumb/v7e-m+fp/hard/libgcc.a

.debug_info     0x00000000     0xa298
 .debug_info    0x00000000      0xf69 ./Core/Src/ble.o
 .debug_info    0x00000f69      0x45f ./Core/Src/i2c.o
 .debug_info    0x000013c8      0x166 ./Core/Src/lsm6dsl.o
 .debug_info    0x0000152e     0x129b ./Core/Src/main.o
 .debug_info    0x000027c9     0x16ae ./Core/Src/stm32l4xx_hal_msp.o
 .debug_info    0x00003e77      0x158 ./Core/Src/stm32l4xx_it.o
 .debug_info    0x00003fcf      0x715 ./Core/Src/syscalls.o
 .debug_info    0x000046e4      0x5ce ./Core/Src/system_stm32l4xx.o
 .debug_info    0x00004cb2      0xa8c ./Core/Src/timer.o
 .debug_info    0x0000573e       0x30 ./Core/Startup/startup_stm32l475vgtx.o
 .debug_info    0x0000576e      0xae5 ./Drivers/STM32L4xx_HAL_Driver/Src/stm32l4xx_hal.o
 .debug_info    0x00006253      0xd46 ./Drivers/STM32L4xx_HAL_Driver/Src/stm32l4xx_hal_cortex.o
 .debug_info    0x00006f99      0x757 ./Drivers/STM32L4xx_HAL_Driver/Src/stm32l4xx_hal_gpio.o
 .debug_info    0x000076f0      0x97a ./Drivers/STM32L4xx_HAL_Driver/Src/stm32l4xx_hal_pwr_ex.o
 .debug_info    0x0000806a      0xc14 ./Drivers/STM32L4xx_HAL_Driver/Src/stm32l4xx_hal_rcc.o
 .debug_info    0x00008c7e     0x161a ./Drivers/STM32L4xx_HAL_Driver/Src/stm32l4xx_hal_spi.o

.debug_abbrev   0x00000000     0x1e84
 .debug_abbrev  0x00000000      0x32a ./Core/Src/ble.o
 .debug_abbrev  0x0000032a      0x124 ./Core/Src/i2c.o
 .debug_abbrev  0x0000044e       0xe6 ./Core/Src/lsm6dsl.o
 .debug_abbrev  0x00000534      0x316 ./Core/Src/main.o
 .debug_abbrev  0x0000084a      0x251 ./Core/Src/stm32l4xx_hal_msp.o
 .debug_abbrev  0x00000a9b       0xb3 ./Core/Src/stm32l4xx_it.o
 .debug_abbrev  0x00000b4e      0x1ca ./Core/Src/syscalls.o
 .debug_abbrev  0x00000d18      0x13f ./Core/Src/system_stm32l4xx.o
 .debug_abbrev  0x00000e57      0x1a7 ./Core/Src/timer.o
 .debug_abbrev  0x00000ffe       0x24 ./Core/Startup/startup_stm32l475vgtx.o
 .debug_abbrev  0x00001022      0x242 ./Drivers/STM32L4xx_HAL_Driver/Src/stm32l4xx_hal.o
 .debug_abbrev  0x00001264      0x327 ./Drivers/STM32L4xx_HAL_Driver/Src/stm32l4xx_hal_cortex.o
 .debug_abbrev  0x0000158b      0x1cb ./Drivers/STM32L4xx_HAL_Driver/Src/stm32l4xx_hal_gpio.o
 .debug_abbrev  0x00001756      0x1f9 ./Drivers/STM32L4xx_HAL_Driver/Src/stm32l4xx_hal_pwr_ex.o
 .debug_abbrev  0x0000194f      0x2cb ./Drivers/STM32L4xx_HAL_Driver/Src/stm32l4xx_hal_rcc.o
 .debug_abbrev  0x00001c1a      0x26a ./Drivers/STM32L4xx_HAL_Driver/Src/stm32l4xx_hal_spi.o

.debug_aranges  0x00000000      0x988
 .debug_aranges
                0x00000000       0x80 ./Core/Src/ble.o
 .debug_aranges
                0x00000080       0x28 ./Core/Src/i2c.o
 .debug_aranges
                0x000000a8       0x28 ./Core/Src/lsm6dsl.o
 .debug_aranges
                0x000000d0       0x50 ./Core/Src/main.o
 .debug_aranges
                0x00000120       0x68 ./Core/Src/stm32l4xx_hal_msp.o
 .debug_aranges
                0x00000188       0x68 ./Core/Src/stm32l4xx_it.o
 .debug_aranges
                0x000001f0       0xb0 ./Core/Src/syscalls.o
 .debug_aranges
                0x000002a0       0x28 ./Core/Src/system_stm32l4xx.o
 .debug_aranges
                0x000002c8       0x40 ./Core/Src/timer.o
 .debug_aranges
                0x00000308       0x28 ./Core/Startup/startup_stm32l475vgtx.o
 .debug_aranges
                0x00000330      0x130 ./Drivers/STM32L4xx_HAL_Driver/Src/stm32l4xx_hal.o
 .debug_aranges
                0x00000460      0x118 ./Drivers/STM32L4xx_HAL_Driver/Src/stm32l4xx_hal_cortex.o
 .debug_aranges
                0x00000578       0x58 ./Drivers/STM32L4xx_HAL_Driver/Src/stm32l4xx_hal_gpio.o
 .debug_aranges
                0x000005d0      0x150 ./Drivers/STM32L4xx_HAL_Driver/Src/stm32l4xx_hal_pwr_ex.o
 .debug_aranges
                0x00000720       0x90 ./Drivers/STM32L4xx_HAL_Driver/Src/stm32l4xx_hal_rcc.o
 .debug_aranges
                0x000007b0      0x1d8 ./Drivers/STM32L4xx_HAL_Driver/Src/stm32l4xx_hal_spi.o

.debug_rnglists
                0x00000000      0x710
 .debug_rnglists
                0x00000000       0x63 ./Core/Src/ble.o
 .debug_rnglists
                0x00000063       0x1b ./Core/Src/i2c.o
 .debug_rnglists
                0x0000007e       0x19 ./Core/Src/lsm6dsl.o
 .debug_rnglists
                0x00000097       0x3a ./Core/Src/main.o
 .debug_rnglists
                0x000000d1       0x4b ./Core/Src/stm32l4xx_hal_msp.o
 .debug_rnglists
                0x0000011c       0x49 ./Core/Src/stm32l4xx_it.o
 .debug_rnglists
                0x00000165       0x7f ./Core/Src/syscalls.o
 .debug_rnglists
                0x000001e4       0x1a ./Core/Src/system_stm32l4xx.o
 .debug_rnglists
                0x000001fe       0x2b ./Core/Src/timer.o
 .debug_rnglists
                0x00000229       0x19 ./Core/Startup/startup_stm32l475vgtx.o
 .debug_rnglists
                0x00000242       0xdf ./Drivers/STM32L4xx_HAL_Driver/Src/stm32l4xx_hal.o
 .debug_rnglists
                0x00000321       0xce ./Drivers/STM32L4xx_HAL_Driver/Src/stm32l4xx_hal_cortex.o
 .debug_rnglists
                0x000003ef       0x3f ./Drivers/STM32L4xx_HAL_Driver/Src/stm32l4xx_hal_gpio.o
 .debug_rnglists
                0x0000042e       0xfd ./Drivers/STM32L4xx_HAL_Driver/Src/stm32l4xx_hal_pwr_ex.o
 .debug_rnglists
                0x0000052b       0x6d ./Drivers/STM32L4xx_HAL_Driver/Src/stm32l4xx_hal_rcc.o
 .debug_rnglists
                0x00000598      0x178 ./Drivers/STM32L4xx_HAL_Driver/Src/stm32l4xx_hal_spi.o

.debug_macro    0x00000000    0x2723c
 .debug_macro   0x00000000      0x301 ./Core/Src/ble.o
 .debug_macro   0x00000301      0xab4 ./Core/Src/ble.o
 .debug_macro   0x00000db5      0x1ad ./Core/Src/ble.o
 .debug_macro   0x00000f62       0x2e ./Core/Src/ble.o
 .debug_macro   0x00000f90       0x28 ./Core/Src/ble.o
 .debug_macro   0x00000fb8       0x22 ./Core/Src/ble.o
 .debug_macro   0x00000fda       0x8e ./Core/Src/ble.o
 .debug_macro   0x00001068       0x51 ./Core/Src/ble.o
 .debug_macro   0x000010b9      0x103 ./Core/Src/ble.o
 .debug_macro   0x000011bc       0x6a ./Core/Src/ble.o
 .debug_macro   0x00001226      0x1df ./Core/Src/ble.o
 .debug_macro   0x00001405       0x1c ./Core/Src/ble.o
 .debug_macro   0x00001421       0x22 ./Core/Src/ble.o
 .debug_macro   0x00001443       0xfb ./Core/Src/ble.o
 .debug_macro   0x0000153e     0x1011 ./Core/Src/ble.o
 .debug_macro   0x0000254f      0x11f ./Core/Src/ble.o
 .debug_macro   0x0000266e    0x19dc7 ./Core/Src/ble.o
 .debug_macro   0x0001c435       0x6d ./Core/Src/ble.o
 .debug_macro   0x0001c4a2     0x38e6 ./Core/Src/ble.o
 .debug_macro   0x0001fd88      0x189 ./Core/Src/ble.o
 .debug_macro   0x0001ff11       0x5c ./Core/Src/ble.o
 .debug_macro   0x0001ff6d     0x1558 ./Core/Src/ble.o
 .debug_macro   0x000214c5      0x5a5 ./Core/Src/ble.o
 .debug_macro   0x00021a6a      0x1b9 ./Core/Src/ble.o
 .debug_macro   0x00021c23      0x17d ./Core/Src/ble.o
 .debug_macro   0x00021da0      0x26b ./Core/Src/ble.o
 .debug_macro   0x0002200b      0x23d ./Core/Src/ble.o
 .debug_macro   0x00022248      0x241 ./Core/Src/ble.o
 .debug_macro   0x00022489      0x37c ./Core/Src/ble.o
 .debug_macro   0x00022805       0xd6 ./Core/Src/ble.o
 .debug_macro   0x000228db      0x22c ./Core/Src/ble.o
 .debug_macro   0x00022b07       0x61 ./Core/Src/ble.o
 .debug_macro   0x00022b68       0xa5 ./Core/Src/ble.o
 .debug_macro   0x00022c0d      0x122 ./Core/Src/ble.o
 .debug_macro   0x00022d2f      0x3e8 ./Core/Src/ble.o
 .debug_macro   0x00023117      0x2fe ./Core/Src/ble.o
 .debug_macro   0x00023415      0xa98 ./Core/Src/ble.o
 .debug_macro   0x00023ead      0x1e6 ./Core/Src/ble.o
 .debug_macro   0x00024093      0x330 ./Core/Src/ble.o
 .debug_macro   0x000243c3       0x46 ./Core/Src/ble.o
 .debug_macro   0x00024409       0x22 ./Core/Src/ble.o
 .debug_macro   0x0002442b       0x2a ./Core/Src/ble.o
 .debug_macro   0x00024455       0x61 ./Core/Src/ble.o
 .debug_macro   0x000244b6       0x43 ./Core/Src/ble.o
 .debug_macro   0x000244f9       0x34 ./Core/Src/ble.o
 .debug_macro   0x0002452d       0x16 ./Core/Src/ble.o
 .debug_macro   0x00024543       0x35 ./Core/Src/ble.o
 .debug_macro   0x00024578       0x16 ./Core/Src/ble.o
 .debug_macro   0x0002458e       0x43 ./Core/Src/ble.o
 .debug_macro   0x000245d1       0x34 ./Core/Src/ble.o
 .debug_macro   0x00024605       0x10 ./Core/Src/ble.o
 .debug_macro   0x00024615       0x58 ./Core/Src/ble.o
 .debug_macro   0x0002466d       0x8e ./Core/Src/ble.o
 .debug_macro   0x000246fb       0x1c ./Core/Src/ble.o
 .debug_macro   0x00024717      0x177 ./Core/Src/ble.o
 .debug_macro   0x0002488e      0x369 ./Core/Src/ble.o
 .debug_macro   0x00024bf7       0x16 ./Core/Src/ble.o
 .debug_macro   0x00024c0d       0x29 ./Core/Src/ble.o
 .debug_macro   0x00024c36       0x16 ./Core/Src/ble.o
 .debug_macro   0x00024c4c       0x20 ./Core/Src/ble.o
 .debug_macro   0x00024c6c       0x1c ./Core/Src/ble.o
 .debug_macro   0x00024c88       0xc9 ./Core/Src/i2c.o
 .debug_macro   0x00024d51      0x10f ./Core/Src/lsm6dsl.o
 .debug_macro   0x00024e60      0x374 ./Core/Src/main.o
 .debug_macro   0x000251d4       0x1c ./Core/Src/main.o
 .debug_macro   0x000251f0       0x10 ./Core/Src/main.o
 .debug_macro   0x00025200       0x1c ./Core/Src/main.o
 .debug_macro   0x0002521c       0x16 ./Core/Src/main.o
 .debug_macro   0x00025232      0x146 ./Core/Src/main.o
 .debug_macro   0x00025378      0x1ed ./Core/Src/stm32l4xx_hal_msp.o
 .debug_macro   0x00025565      0x20a ./Core/Src/stm32l4xx_it.o
 .debug_macro   0x0002576f      0x274 ./Core/Src/syscalls.o
 .debug_macro   0x000259e3       0x5b ./Core/Src/syscalls.o
 .debug_macro   0x00025a3e       0x94 ./Core/Src/syscalls.o
 .debug_macro   0x00025ad2       0x57 ./Core/Src/syscalls.o
 .debug_macro   0x00025b29       0x10 ./Core/Src/syscalls.o
 .debug_macro   0x00025b39       0x10 ./Core/Src/syscalls.o
 .debug_macro   0x00025b49       0x10 ./Core/Src/syscalls.o
 .debug_macro   0x00025b59       0x10 ./Core/Src/syscalls.o
 .debug_macro   0x00025b69       0x1c ./Core/Src/syscalls.o
 .debug_macro   0x00025b85       0x52 ./Core/Src/syscalls.o
 .debug_macro   0x00025bd7       0x22 ./Core/Src/syscalls.o
 .debug_macro   0x00025bf9       0x10 ./Core/Src/syscalls.o
 .debug_macro   0x00025c09       0x52 ./Core/Src/syscalls.o
 .debug_macro   0x00025c5b       0xcf ./Core/Src/syscalls.o
 .debug_macro   0x00025d2a       0x1c ./Core/Src/syscalls.o
 .debug_macro   0x00025d46       0x3d ./Core/Src/syscalls.o
 .debug_macro   0x00025d83       0x35 ./Core/Src/syscalls.o
 .debug_macro   0x00025db8      0x12c ./Core/Src/syscalls.o
 .debug_macro   0x00025ee4       0x10 ./Core/Src/syscalls.o
 .debug_macro   0x00025ef4      0x242 ./Core/Src/syscalls.o
 .debug_macro   0x00026136       0x10 ./Core/Src/syscalls.o
 .debug_macro   0x00026146      0x18a ./Core/Src/syscalls.o
 .debug_macro   0x000262d0       0x16 ./Core/Src/syscalls.o
 .debug_macro   0x000262e6       0xce ./Core/Src/syscalls.o
 .debug_macro   0x000263b4      0x1e0 ./Core/Src/system_stm32l4xx.o
 .debug_macro   0x00026594       0xc9 ./Core/Src/timer.o
 .debug_macro   0x0002665d      0x228 ./Drivers/STM32L4xx_HAL_Driver/Src/stm32l4xx_hal.o
 .debug_macro   0x00026885      0x1da ./Drivers/STM32L4xx_HAL_Driver/Src/stm32l4xx_hal_cortex.o
 .debug_macro   0x00026a5f      0x1e1 ./Drivers/STM32L4xx_HAL_Driver/Src/stm32l4xx_hal_gpio.o
 .debug_macro   0x00026c40      0x1fe ./Drivers/STM32L4xx_HAL_Driver/Src/stm32l4xx_hal_pwr_ex.o
 .debug_macro   0x00026e3e      0x21c ./Drivers/STM32L4xx_HAL_Driver/Src/stm32l4xx_hal_rcc.o
 .debug_macro   0x0002705a      0x1e2 ./Drivers/STM32L4xx_HAL_Driver/Src/stm32l4xx_hal_spi.o

.debug_line     0x00000000     0xa7ba
 .debug_line    0x00000000      0xc26 ./Core/Src/ble.o
 .debug_line    0x00000c26      0x685 ./Core/Src/i2c.o
 .debug_line    0x000012ab      0x4e1 ./Core/Src/lsm6dsl.o
 .debug_line    0x0000178c      0xaa2 ./Core/Src/main.o
 .debug_line    0x0000222e      0x85d ./Core/Src/stm32l4xx_hal_msp.o
 .debug_line    0x00002a8b      0x7f2 ./Core/Src/stm32l4xx_it.o
 .debug_line    0x0000327d      0x87e ./Core/Src/syscalls.o
 .debug_line    0x00003afb      0x7e2 ./Core/Src/system_stm32l4xx.o
 .debug_line    0x000042dd      0x547 ./Core/Src/timer.o
 .debug_line    0x00004824       0x7a ./Core/Startup/startup_stm32l475vgtx.o
 .debug_line    0x0000489e      0xb01 ./Drivers/STM32L4xx_HAL_Driver/Src/stm32l4xx_hal.o
 .debug_line    0x0000539f      0xca0 ./Drivers/STM32L4xx_HAL_Driver/Src/stm32l4xx_hal_cortex.o
 .debug_line    0x0000603f      0xb8d ./Drivers/STM32L4xx_HAL_Driver/Src/stm32l4xx_hal_gpio.o
 .debug_line    0x00006bcc      0xcc3 ./Drivers/STM32L4xx_HAL_Driver/Src/stm32l4xx_hal_pwr_ex.o
 .debug_line    0x0000788f      0xf78 ./Drivers/STM32L4xx_HAL_Driver/Src/stm32l4xx_hal_rcc.o
 .debug_line    0x00008807     0x1fb3 ./Drivers/STM32L4xx_HAL_Driver/Src/stm32l4xx_hal_spi.o

.debug_str      0x00000000    0xf0e49
 .debug_str     0x00000000    0xeba84 ./Core/Src/ble.o
                              0xebdbd (size before relaxing)
 .debug_str     0x000eba84      0x1ad ./Core/Src/i2c.o
                              0x9d37f (size before relaxing)
 .debug_str     0x000ebc31       0xc9 ./Core/Src/lsm6dsl.o
                              0x9d26d (size before relaxing)
 .debug_str     0x000ebcfa      0xe3a ./Core/Src/main.o
                              0xec90d (size before relaxing)
 .debug_str     0x000ecb34      0x870 ./Core/Src/stm32l4xx_hal_msp.o
                              0xe94fe (size before relaxing)
 .debug_str     0x000ed3a4       0xf5 ./Core/Src/stm32l4xx_it.o
                              0xe81dc (size before relaxing)
 .debug_str     0x000ed499     0x1ffc ./Core/Src/syscalls.o
                               0x991a (size before relaxing)
 .debug_str     0x000ef495      0x107 ./Core/Src/system_stm32l4xx.o
                              0xe81ae (size before relaxing)
 .debug_str     0x000ef59c       0x80 ./Core/Src/timer.o
                              0x9d94e (size before relaxing)
 .debug_str     0x000ef61c       0x44 ./Core/Startup/startup_stm32l475vgtx.o
                                 0xb1 (size before relaxing)
 .debug_str     0x000ef660      0x631 ./Drivers/STM32L4xx_HAL_Driver/Src/stm32l4xx_hal.o
                              0xe8d1d (size before relaxing)
 .debug_str     0x000efc91      0x2e2 ./Drivers/STM32L4xx_HAL_Driver/Src/stm32l4xx_hal_cortex.o
                              0xe89d1 (size before relaxing)
 .debug_str     0x000eff73       0xfe ./Drivers/STM32L4xx_HAL_Driver/Src/stm32l4xx_hal_gpio.o
                              0xe830c (size before relaxing)
 .debug_str     0x000f0071      0x4a8 ./Drivers/STM32L4xx_HAL_Driver/Src/stm32l4xx_hal_pwr_ex.o
                              0xe86b3 (size before relaxing)
 .debug_str     0x000f0519      0x3a6 ./Drivers/STM32L4xx_HAL_Driver/Src/stm32l4xx_hal_rcc.o
                              0xe87d9 (size before relaxing)
 .debug_str     0x000f08bf      0x58a ./Drivers/STM32L4xx_HAL_Driver/Src/stm32l4xx_hal_spi.o
                              0xe89b4 (size before relaxing)

.comment        0x00000000       0x43
 .comment       0x00000000       0x43 ./Core/Src/ble.o
                                 0x44 (size before relaxing)
 .comment       0x00000043       0x44 ./Core/Src/i2c.o
 .comment       0x00000043       0x44 ./Core/Src/lsm6dsl.o
 .comment       0x00000043       0x44 ./Core/Src/main.o
 .comment       0x00000043       0x44 ./Core/Src/stm32l4xx_hal_msp.o
 .comment       0x00000043       0x44 ./Core/Src/stm32l4xx_it.o
 .comment       0x00000043       0x44 ./Core/Src/syscalls.o
 .comment       0x00000043       0x44 ./Core/Src/system_stm32l4xx.o
 .comment       0x00000043       0x44 ./Core/Src/timer.o
 .comment       0x00000043       0x44 ./Drivers/STM32L4xx_HAL_Driver/Src/stm32l4xx_hal.o
 .comment       0x00000043       0x44 ./Drivers/STM32L4xx_HAL_Driver/Src/stm32l4xx_hal_cortex.o
 .comment       0x00000043       0x44 ./Drivers/STM32L4xx_HAL_Driver/Src/stm32l4xx_hal_gpio.o
 .comment       0x00000043       0x44 ./Drivers/STM32L4xx_HAL_Driver/Src/stm32l4xx_hal_pwr_ex.o
 .comment       0x00000043       0x44 ./Drivers/STM32L4xx_HAL_Driver/Src/stm32l4xx_hal_rcc.o
 .comment       0x00000043       0x44 ./Drivers/STM32L4xx_HAL_Driver/Src/stm32l4xx_hal_spi.o

.debug_frame    0x00000000     0x2a34
 .debug_frame   0x00000000      0x1f8 ./Core/Src/ble.o
 .debug_frame   0x000001f8       0x58 ./Core/Src/i2c.o
 .debug_frame   0x00000250       0x58 ./Core/Src/lsm6dsl.o
 .debug_frame   0x000002a8       0xe8 ./Core/Src/main.o
 .debug_frame   0x00000390      0x188 ./Core/Src/stm32l4xx_hal_msp.o
 .debug_frame   0x00000518      0x120 ./Core/Src/stm32l4xx_it.o
 .debug_frame   0x00000638      0x2d0 ./Core/Src/syscalls.o
 .debug_frame   0x00000908       0x58 ./Core/Src/system_stm32l4xx.o
 .debug_frame   0x00000960       0xd4 ./Core/Src/timer.o
 .debug_frame   0x00000a34      0x498 ./Drivers/STM32L4xx_HAL_Driver/Src/stm32l4xx_hal.o
 .debug_frame   0x00000ecc      0x498 ./Drivers/STM32L4xx_HAL_Driver/Src/stm32l4xx_hal_cortex.o
 .debug_frame   0x00001364      0x14c ./Drivers/STM32L4xx_HAL_Driver/Src/stm32l4xx_hal_gpio.o
 .debug_frame   0x000014b0      0x544 ./Drivers/STM32L4xx_HAL_Driver/Src/stm32l4xx_hal_pwr_ex.o
 .debug_frame   0x000019f4      0x21c ./Drivers/STM32L4xx_HAL_Driver/Src/stm32l4xx_hal_rcc.o
 .debug_frame   0x00001c10      0x860 ./Drivers/STM32L4xx_HAL_Driver/Src/stm32l4xx_hal_spi.o
 .debug_frame   0x00002470       0x30 /Applications/STM32CubeIDE.app/Contents/Eclipse/plugins/com.st.stm32cube.ide.mcu.externaltools.gnu-tools-for-stm32.12.3.rel1.macos64_1.1.0.202410301201/tools/bin/../lib/gcc/arm-none-eabi/12.3.1/../../../../arm-none-eabi/lib/thumb/v7e-m+fp/hard/libc_nano.a(libc_a-malloc.o)
 .debug_frame   0x000024a0       0x50 /Applications/STM32CubeIDE.app/Contents/Eclipse/plugins/com.st.stm32cube.ide.mcu.externaltools.gnu-tools-for-stm32.12.3.rel1.macos64_1.1.0.202410301201/tools/bin/../lib/gcc/arm-none-eabi/12.3.1/../../../../arm-none-eabi/lib/thumb/v7e-m+fp/hard/libc_nano.a(libc_a-mallocr.o)
 .debug_frame   0x000024f0       0x7c /Applications/STM32CubeIDE.app/Contents/Eclipse/plugins/com.st.stm32cube.ide.mcu.externaltools.gnu-tools-for-stm32.12.3.rel1.macos64_1.1.0.202410301201/tools/bin/../lib/gcc/arm-none-eabi/12.3.1/../../../../arm-none-eabi/lib/thumb/v7e-m+fp/hard/libc_nano.a(libc_a-snprintf.o)
 .debug_frame   0x0000256c       0x30 /Applications/STM32CubeIDE.app/Contents/Eclipse/plugins/com.st.stm32cube.ide.mcu.externaltools.gnu-tools-for-stm32.12.3.rel1.macos64_1.1.0.202410301201/tools/bin/../lib/gcc/arm-none-eabi/12.3.1/../../../../arm-none-eabi/lib/thumb/v7e-m+fp/hard/libc_nano.a(libc_a-mlock.o)
 .debug_frame   0x0000259c      0x144 /Applications/STM32CubeIDE.app/Contents/Eclipse/plugins/com.st.stm32cube.ide.mcu.externaltools.gnu-tools-for-stm32.12.3.rel1.macos64_1.1.0.202410301201/tools/bin/../lib/gcc/arm-none-eabi/12.3.1/../../../../arm-none-eabi/lib/thumb/v7e-m+fp/hard/libc_nano.a(libc_a-findfp.o)
 .debug_frame   0x000026e0       0x20 /Applications/STM32CubeIDE.app/Contents/Eclipse/plugins/com.st.stm32cube.ide.mcu.externaltools.gnu-tools-for-stm32.12.3.rel1.macos64_1.1.0.202410301201/tools/bin/../lib/gcc/arm-none-eabi/12.3.1/../../../../arm-none-eabi/lib/thumb/v7e-m+fp/hard/libc_nano.a(libc_a-memset.o)
 .debug_frame   0x00002700       0x2c /Applications/STM32CubeIDE.app/Contents/Eclipse/plugins/com.st.stm32cube.ide.mcu.externaltools.gnu-tools-for-stm32.12.3.rel1.macos64_1.1.0.202410301201/tools/bin/../lib/gcc/arm-none-eabi/12.3.1/../../../../arm-none-eabi/lib/thumb/v7e-m+fp/hard/libc_nano.a(libc_a-sbrkr.o)
 .debug_frame   0x0000272c       0x20 /Applications/STM32CubeIDE.app/Contents/Eclipse/plugins/com.st.stm32cube.ide.mcu.externaltools.gnu-tools-for-stm32.12.3.rel1.macos64_1.1.0.202410301201/tools/bin/../lib/gcc/arm-none-eabi/12.3.1/../../../../arm-none-eabi/lib/thumb/v7e-m+fp/hard/libc_nano.a(libc_a-errno.o)
 .debug_frame   0x0000274c       0x2c /Applications/STM32CubeIDE.app/Contents/Eclipse/plugins/com.st.stm32cube.ide.mcu.externaltools.gnu-tools-for-stm32.12.3.rel1.macos64_1.1.0.202410301201/tools/bin/../lib/gcc/arm-none-eabi/12.3.1/../../../../arm-none-eabi/lib/thumb/v7e-m+fp/hard/libc_nano.a(libc_a-init.o)
 .debug_frame   0x00002778       0xb0 /Applications/STM32CubeIDE.app/Contents/Eclipse/plugins/com.st.stm32cube.ide.mcu.externaltools.gnu-tools-for-stm32.12.3.rel1.macos64_1.1.0.202410301201/tools/bin/../lib/gcc/arm-none-eabi/12.3.1/../../../../arm-none-eabi/lib/thumb/v7e-m+fp/hard/libc_nano.a(libc_a-lock.o)
 .debug_frame   0x00002828       0x28 /Applications/STM32CubeIDE.app/Contents/Eclipse/plugins/com.st.stm32cube.ide.mcu.externaltools.gnu-tools-for-stm32.12.3.rel1.macos64_1.1.0.202410301201/tools/bin/../lib/gcc/arm-none-eabi/12.3.1/../../../../arm-none-eabi/lib/thumb/v7e-m+fp/hard/libc_nano.a(libc_a-memcpy-stub.o)
 .debug_frame   0x00002850       0x38 /Applications/STM32CubeIDE.app/Contents/Eclipse/plugins/com.st.stm32cube.ide.mcu.externaltools.gnu-tools-for-stm32.12.3.rel1.macos64_1.1.0.202410301201/tools/bin/../lib/gcc/arm-none-eabi/12.3.1/../../../../arm-none-eabi/lib/thumb/v7e-m+fp/hard/libc_nano.a(libc_a-freer.o)
 .debug_frame   0x00002888       0x90 /Applications/STM32CubeIDE.app/Contents/Eclipse/plugins/com.st.stm32cube.ide.mcu.externaltools.gnu-tools-for-stm32.12.3.rel1.macos64_1.1.0.202410301201/tools/bin/../lib/gcc/arm-none-eabi/12.3.1/../../../../arm-none-eabi/lib/thumb/v7e-m+fp/hard/libc_nano.a(libc_a-nano-svfprintf.o)
 .debug_frame   0x00002918       0x60 /Applications/STM32CubeIDE.app/Contents/Eclipse/plugins/com.st.stm32cube.ide.mcu.externaltools.gnu-tools-for-stm32.12.3.rel1.macos64_1.1.0.202410301201/tools/bin/../lib/gcc/arm-none-eabi/12.3.1/../../../../arm-none-eabi/lib/thumb/v7e-m+fp/hard/libc_nano.a(libc_a-nano-vfprintf_i.o)
 .debug_frame   0x00002978       0x3c /Applications/STM32CubeIDE.app/Contents/Eclipse/plugins/com.st.stm32cube.ide.mcu.externaltools.gnu-tools-for-stm32.12.3.rel1.macos64_1.1.0.202410301201/tools/bin/../lib/gcc/arm-none-eabi/12.3.1/../../../../arm-none-eabi/lib/thumb/v7e-m+fp/hard/libc_nano.a(libc_a-reallocr.o)
 .debug_frame   0x000029b4       0x28 /Applications/STM32CubeIDE.app/Contents/Eclipse/plugins/com.st.stm32cube.ide.mcu.externaltools.gnu-tools-for-stm32.12.3.rel1.macos64_1.1.0.202410301201/tools/bin/../lib/gcc/arm-none-eabi/12.3.1/../../../../arm-none-eabi/lib/thumb/v7e-m+fp/hard/libc_nano.a(libc_a-memmove.o)
 .debug_frame   0x000029dc       0x38 /Applications/STM32CubeIDE.app/Contents/Eclipse/plugins/com.st.stm32cube.ide.mcu.externaltools.gnu-tools-for-stm32.12.3.rel1.macos64_1.1.0.202410301201/tools/bin/../lib/gcc/arm-none-eabi/12.3.1/../../../../arm-none-eabi/lib/thumb/v7e-m+fp/hard/libc_nano.a(libc_a-reent.o)
 .debug_frame   0x00002a14       0x20 /Applications/STM32CubeIDE.app/Contents/Eclipse/plugins/com.st.stm32cube.ide.mcu.externaltools.gnu-tools-for-stm32.12.3.rel1.macos64_1.1.0.202410301201/tools/bin/../lib/gcc/arm-none-eabi/12.3.1/../../../../arm-none-eabi/lib/thumb/v7e-m+fp/hard/libc_nano.a(libc_a-msizer.o)

.debug_line_str
                0x00000000       0x95
 .debug_line_str
                0x00000000       0x95 ./Core/Startup/startup_stm32l475vgtx.o
