../Drivers/CMSIS/Include/core_cm4.h:1755:22:__NVIC_SetPendingIRQ	16	static
../Drivers/CMSIS/Include/core_cm4.h:2059:26:ITM_SendChar	16	static,ignoring_inline_asm
../Core/Src/main.c:65:5:_write	32	static
../Core/Src/main.c:78:5:main	8	static
../Core/Src/main.c:106:6:TIM2_IRQHandler	4	static
../Core/Src/main.c:118:6:LPTIM1_IRQHandler	8	static,ignoring_inline_asm
../Core/Src/main.c:152:6:privtag_run	128	static
../Core/Src/main.c:327:6:SystemClock_Config	96	static
../Core/Src/main.c:378:13:MX_SPI3_Init	8	static
../Core/Src/main.c:418:13:MX_GPIO_Init	48	static
../Core/Src/main.c:477:6:Error_Handler	4	static,ignoring_inline_asm
