../Drivers/CMSIS/Include/core_cm4.h:2059:26:ITM_SendChar	4
../Core/Src/main.c:64:5:_write	2
../Core/Src/main.c:77:5:main	1
../Core/Src/main.c:105:6:TIM2_IRQHandler	2
../Core/Src/main.c:116:6:LPTIM1_IRQHandler	3
../Core/Src/main.c:137:6:privtag_run	13
../Core/Src/main.c:325:6:configure_stop0_wakeup	1
../Core/Src/main.c:333:6:enter_stop0_mode	1
../Core/Src/main.c:359:6:enter_low_power_run_mode	1
../Core/Src/main.c:368:6:exit_low_power_run_mode	1
../Core/Src/main.c:376:6:enter_low_power_sleep_mode	1
../Core/Src/main.c:404:6:disable_unused_peripherals	1
../Core/Src/main.c:461:6:disable_unused_peripherals_register	1
../Core/Src/main.c:507:6:SystemClock_LowPower_Config	4
../Core/Src/main.c:549:6:SystemClock_FullSpeed_Config	4
../Core/Src/main.c:598:6:SystemClock_Config	4
../Core/Src/main.c:644:13:MX_SPI3_Init	2
../Core/Src/main.c:684:13:MX_GPIO_Init	1
../Core/Src/main.c:743:6:Error_Handler	1
